<html>
<body>
<pre>
<h1>礦ision Build Log</h1>
<h2>Tool Versions:</h2>
IDE-Version: μVision V5.14.0.0
Copyright (C) 2015 ARM Ltd and ARM Germany GmbH. All rights reserved.
License Information: zhang shicheng, enmmm, LIC=4ZLLQ-NA4KB-PF4IX-HG96G-Q06QE-GRNHG
 
Tool Versions:
Toolchain:       MDK-ARM Professional  Version: 5.14.0.0
Toolchain Path:  E:\MDK5\ARM\ARMCC\Bin
C Compiler:      Armcc.exe V5.05 update 1 (build 106)
Assembler:       Armasm.exe V5.05 update 1 (build 106)
Linker/Locator:  ArmLink.exe V5.05 update 1 (build 106)
Library Manager: ArmAr.exe V5.05 update 1 (build 106)
Hex Converter:   FromElf.exe V5.05 update 1 (build 106)
CPU DLL:         SARMCM3.DLL V5.14.0.0
Dialog DLL:      DCM.DLL V1.13.1.0
Target DLL:      STLink\ST-LINKIII-KEIL_SWO.dll V2.0.14.0_KEIL
Dialog DLL:      TCM.DLL V1.14.4.0
 
<h2>Project:</h2>
E:\编程\电赛\2020电赛\G题—第8版\USER\textproject.uvprojx
Project File Date:  10/13/2020

<h2>Output:</h2>
Build target 'textproject'
compiling modo.c...
..\HARDWARE\MODO\modo.c(69): warning:  #167-D: argument of type "u8 *" is incompatible with parameter of type "char *"
        strlcpy (DISS, DATA1 + 2, 7);
..\HARDWARE\MODO\modo.c(69): warning:  #167-D: argument of type "u8 *" is incompatible with parameter of type "const char *"
        strlcpy (DISS, DATA1 + 2, 7);
..\HARDWARE\MODO\modo.c: 2 warnings, 0 errors
linking...
Program Size: Code=14458 RO-data=1038 RW-data=2172 ZI-data=1876  
FromELF: creating hex file...
"..\OBJ\textproject.axf" - 0 Error(s), 2 Warning(s).

<h2>Collection of Component include folders:</h2>
  E:\编程\电赛\2020电赛\G题—第8版\USER\RTE
  E:\MDK5\ARM\PACK\Keil\STM32F1xx_DFP\1.0.5\Device\Include

<h2>Collection of Component Files used:</h2>
</pre>
</body>
</html>
