Component: ARM Compiler 5.05 update 1 (build 106) Tool: armlink [4d0efa]

==============================================================================

Section Cross References

    main.o(i.main) refers to delay.o(i.delay_init) for delay_init
    main.o(i.main) refers to misc.o(i.NVIC_PriorityGroupConfig) for NVIC_PriorityGroupConfig
    main.o(i.main) refers to usart2.o(i.uart2_init) for uart2_init
    main.o(i.main) refers to usart.o(i.uart_init) for uart_init
    main.o(i.main) refers to led.o(i.LED_Init) for LED_Init
    main.o(i.main) refers to key.o(i.KEY_Init) for KEY_Init
    main.o(i.main) refers to pwm.o(i.TIM3_PWM_Init) for TIM3_PWM_Init
    main.o(i.main) refers to myiic.o(i.IIC_Init) for IIC_Init
    main.o(i.main) refers to oled.o(i.OLED_Init) for OLED_Init
    main.o(i.main) refers to oled.o(i.OLED_Clear) for OLED_Clear
    main.o(i.main) refers to delay.o(i.delay_ms) for delay_ms
    main.o(i.main) refers to key.o(i.KEY_Scan) for KEY_Scan
    main.o(i.main) refers to usart2.o(i.Usart2_Write_Bytes) for Usart2_Write_Bytes
    main.o(i.main) refers to modo.o(i.MODO_1) for MODO_1
    main.o(i.main) refers to fleqf.o(x$fpl$fleqf) for __aeabi_cfcmple
    main.o(i.main) refers to frleqf.o(x$fpl$frleqf) for __aeabi_cfrcmple
    main.o(i.main) refers to fflt_clz.o(x$fpl$fflt) for __aeabi_i2f
    main.o(i.main) refers to faddsub_clz.o(x$fpl$fadd) for __aeabi_fadd
    main.o(i.main) refers to ffix.o(x$fpl$ffix) for __aeabi_f2iz
    main.o(i.main) refers to ffixu.o(x$fpl$ffixu) for __aeabi_f2uiz
    main.o(i.main) refers to oled.o(i.OLED_ShowNum) for OLED_ShowNum
    main.o(i.main) refers to modo.o(i.Scan) for Scan
    main.o(i.main) refers to modo.o(i.MODO_2) for MODO_2
    main.o(i.main) refers to usart.o(.data) for USART_RX_STA
    main.o(i.main) refers to usart.o(.bss) for USART_RX_BUF
    main.o(i.main) refers to main.o(.bss) for DATA
    main.o(i.main) refers to main.o(.data) for ISM
    main.o(i.main) refers to modo.o(.data) for DIS
    system_stm32f10x.o(i.SetSysClock) refers to system_stm32f10x.o(i.SetSysClockTo72) for SetSysClockTo72
    system_stm32f10x.o(i.SystemCoreClockUpdate) refers to system_stm32f10x.o(.data) for SystemCoreClock
    system_stm32f10x.o(i.SystemInit) refers to system_stm32f10x.o(i.SetSysClock) for SetSysClock
    key.o(i.KEY_Init) refers to stm32f10x_rcc.o(i.RCC_APB2PeriphClockCmd) for RCC_APB2PeriphClockCmd
    key.o(i.KEY_Init) refers to stm32f10x_gpio.o(i.GPIO_Init) for GPIO_Init
    key.o(i.KEY_Scan) refers to stm32f10x_gpio.o(i.GPIO_ReadInputDataBit) for GPIO_ReadInputDataBit
    key.o(i.KEY_Scan) refers to delay.o(i.delay_ms) for delay_ms
    key.o(i.KEY_Scan) refers to key.o(.data) for key_up
    led.o(i.LED_Init) refers to stm32f10x_rcc.o(i.RCC_APB2PeriphClockCmd) for RCC_APB2PeriphClockCmd
    led.o(i.LED_Init) refers to stm32f10x_gpio.o(i.GPIO_Init) for GPIO_Init
    led.o(i.LED_Init) refers to stm32f10x_gpio.o(i.GPIO_SetBits) for GPIO_SetBits
    led.o(i.LED_Init) refers to stm32f10x_gpio.o(i.GPIO_ResetBits) for GPIO_ResetBits
    usart2.o(i.USART2_IRQHandler) refers to stm32f10x_usart.o(i.USART_ReceiveData) for USART_ReceiveData
    usart2.o(i.USART2_IRQHandler) refers to usart2.o(.data) for i
    usart2.o(i.USART2_IRQHandler) refers to main.o(.bss) for DATA1
    usart2.o(i.Usart2_Write_Bytes) refers to stm32f10x_usart.o(i.USART_SendData) for USART_SendData
    usart2.o(i.Usart2_Write_Bytes) refers to stm32f10x_usart.o(i.USART_GetFlagStatus) for USART_GetFlagStatus
    usart2.o(i.uart2_init) refers to stm32f10x_rcc.o(i.RCC_APB1PeriphClockCmd) for RCC_APB1PeriphClockCmd
    usart2.o(i.uart2_init) refers to stm32f10x_rcc.o(i.RCC_APB2PeriphClockCmd) for RCC_APB2PeriphClockCmd
    usart2.o(i.uart2_init) refers to stm32f10x_gpio.o(i.GPIO_Init) for GPIO_Init
    usart2.o(i.uart2_init) refers to misc.o(i.NVIC_Init) for NVIC_Init
    usart2.o(i.uart2_init) refers to stm32f10x_usart.o(i.USART_Init) for USART_Init
    usart2.o(i.uart2_init) refers to stm32f10x_usart.o(i.USART_ITConfig) for USART_ITConfig
    usart2.o(i.uart2_init) refers to stm32f10x_usart.o(i.USART_Cmd) for USART_Cmd
    myiic.o(i.IIC_Ack) refers to delay.o(i.delay_us) for delay_us
    myiic.o(i.IIC_Init) refers to stm32f10x_rcc.o(i.RCC_APB2PeriphClockCmd) for RCC_APB2PeriphClockCmd
    myiic.o(i.IIC_Init) refers to stm32f10x_gpio.o(i.GPIO_Init) for GPIO_Init
    myiic.o(i.IIC_Init) refers to stm32f10x_gpio.o(i.GPIO_SetBits) for GPIO_SetBits
    myiic.o(i.IIC_NAck) refers to delay.o(i.delay_us) for delay_us
    myiic.o(i.IIC_Read_Byte) refers to delay.o(i.delay_us) for delay_us
    myiic.o(i.IIC_Read_Byte) refers to myiic.o(i.IIC_NAck) for IIC_NAck
    myiic.o(i.IIC_Read_Byte) refers to myiic.o(i.IIC_Ack) for IIC_Ack
    myiic.o(i.IIC_Send_Byte) refers to delay.o(i.delay_us) for delay_us
    myiic.o(i.IIC_Start) refers to delay.o(i.delay_us) for delay_us
    myiic.o(i.IIC_Stop) refers to delay.o(i.delay_us) for delay_us
[...]

==============================================================================

Image Symbol Table

    Local Symbols

    Symbol Name                              Value     Ov Type        Size  Object(Section)

    ../clib/angel/boardlib.s                 0x00000000   Number         0  boardinit1.o ABSOLUTE
    ../clib/angel/boardlib.s                 0x00000000   Number         0  boardshut.o ABSOLUTE
    ../clib/angel/boardlib.s                 0x00000000   Number         0  boardinit3.o ABSOLUTE
    ../clib/angel/boardlib.s                 0x00000000   Number         0  boardinit2.o ABSOLUTE
    ../clib/angel/dczerorl2.s                0x00000000   Number         0  __dczerorl2.o ABSOLUTE
    ../clib/angel/handlers.s                 0x00000000   Number         0  __scatter_zi.o ABSOLUTE
    ../clib/angel/kernel.s                   0x00000000   Number         0  __rtentry4.o ABSOLUTE
    ../clib/angel/kernel.s                   0x00000000   Number         0  rtexit2.o ABSOLUTE
    ../clib/angel/kernel.s                   0x00000000   Number         0  rtexit.o ABSOLUTE
    ../clib/angel/kernel.s                   0x00000000   Number         0  __rtentry.o ABSOLUTE
    ../clib/angel/kernel.s                   0x00000000   Number         0  __rtentry2.o ABSOLUTE
    ../clib/angel/rt.s                       0x00000000   Number         0  rt_errno_addr.o ABSOLUTE
    ../clib/angel/rt.s                       0x00000000   Number         0  rt_raise.o ABSOLUTE
    ../clib/angel/rt.s                       0x00000000   Number         0  rt_errno_addr_intlibspace.o ABSOLUTE
    ../clib/angel/scatter.s                  0x00000000   Number         0  __scatter.o ABSOLUTE
    ../clib/angel/startup.s                  0x00000000   Number         0  __main.o ABSOLUTE
    ../clib/angel/sys.s                      0x00000000   Number         0  use_no_semi_2.o ABSOLUTE
    ../clib/angel/sys.s                      0x00000000   Number         0  use_no_semi.o ABSOLUTE
    ../clib/angel/sys.s                      0x00000000   Number         0  sys_stackheap_outer.o ABSOLUTE
    ../clib/angel/sys.s                      0x00000000   Number         0  libspace.o ABSOLUTE
    ../clib/angel/sys.s                      0x00000000   Number         0  indicate_semi.o ABSOLUTE
    ../clib/angel/sysapp.c                   0x00000000   Number         0  sys_wrch.o ABSOLUTE
    ../clib/angel/sysapp.c                   0x00000000   Number         0  sys_command.o ABSOLUTE
    ../clib/armsys.c                         0x00000000   Number         0  _get_argv_nomalloc.o ABSOLUTE
    ../clib/armsys.c                         0x00000000   Number         0  argv_veneer.o ABSOLUTE
    ../clib/armsys.c                         0x00000000   Number         0  argv_veneer.o ABSOLUTE
    ../clib/armsys.c                         0x00000000   Number         0  no_argv.o ABSOLUTE
    ../clib/fenv.c                           0x00000000   Number         0  _rserrno.o ABSOLUTE
    ../clib/heapalloc.c                      0x00000000   Number         0  hrguard.o ABSOLUTE
    ../clib/heapaux.c                        0x00000000   Number         0  heapauxi.o ABSOLUTE
    ../clib/libinit.s                        0x00000000   Number         0  libinit2.o ABSOLUTE
    ../clib/libinit.s                        0x00000000   Number         0  libshutdown2.o ABSOLUTE
    ../clib/libinit.s                        0x00000000   Number         0  libshutdown.o ABSOLUTE
    ../clib/libinit.s                        0x00000000   Number         0  libinit.o ABSOLUTE
    ../clib/signal.c                         0x00000000   Number         0  defsig_exit.o ABSOLUTE
    ../clib/signal.c                         0x00000000   Number         0  defsig_fpe_inner.o ABSOLUTE
    ../clib/signal.c                         0x00000000   Number         0  defsig_rtmem_outer.o ABSOLUTE
    ../clib/signal.c                         0x00000000   Number         0  defsig_rtmem_formal.o ABSOLUTE
    ../clib/signal.c                         0x00000000   Number         0  defsig_rtmem_inner.o ABSOLUTE
    ../clib/signal.c                         0x00000000   Number         0  __raise.o ABSOLUTE
    ../clib/signal.c                         0x00000000   Number         0  defsig_abrt_inner.o ABSOLUTE
    ../clib/signal.c                         0x00000000   Number         0  defsig_rtred_inner.o ABSOLUTE
    ../clib/signal.c                         0x00000000   Number         0  defsig_stak_inner.o ABSOLUTE
    ../clib/signal.c                         0x00000000   Number         0  defsig_pvfn_inner.o ABSOLUTE
    ../clib/signal.c                         0x00000000   Number         0  defsig_cppl_inner.o ABSOLUTE
    ../clib/signal.c                         0x00000000   Number         0  defsig_segv_inner.o ABSOLUTE
    ../clib/signal.c                         0x00000000   Number         0  defsig_other.o ABSOLUTE
    ../clib/signal.c                         0x00000000   Number         0  defsig_general.o ABSOLUTE
    ../clib/signal.s                         0x00000000   Number         0  defsig.o ABSOLUTE
    ../clib/stdlib.c                         0x00000000   Number         0  exit.o ABSOLUTE
    ../clib/string.c                         0x00000000   Number         0  strlcpy.o ABSOLUTE
    ../fplib/d2f.s                           0x00000000   Number         0  d2f.o ABSOLUTE
    ../fplib/daddsub.s                       0x00000000   Number         0  daddsub_clz.o ABSOLUTE
    ../fplib/dcheck1.s                       0x00000000   Number         0  dcheck1.o ABSOLUTE
    ../fplib/dcmpi.s                         0x00000000   Number         0  dcmpi.o ABSOLUTE
    ../fplib/ddiv.s                          0x00000000   Number         0  ddiv.o ABSOLUTE
    ../fplib/dfixu.s                         0x00000000   Number         0  dfixu.o ABSOLUTE
    ../fplib/dflt.s                          0x00000000   Number         0  dflt_clz.o ABSOLUTE
    ../fplib/dleqf.s                         0x00000000   Number         0  dleqf.o ABSOLUTE
    ../fplib/dmul.s                          0x00000000   Number         0  dmul.o ABSOLUTE
    ../fplib/dnaninf.s                       0x00000000   Number         0  dnaninf.o ABSOLUTE
    ../fplib/dretinf.s                       0x00000000   Number         0  dretinf.o ABSOLUTE
    ../fplib/drleqf.s                        0x00000000   Number         0  drleqf.o ABSOLUTE
    ../fplib/dsqrt.s                         0x00000000   Number         0  dsqrt_noumaal.o ABSOLUTE
    ../fplib/f2d.s                           0x00000000   Number         0  f2d.o ABSOLUTE
    ../fplib/faddsub.s                       0x00000000   Number         0  faddsub_clz.o ABSOLUTE
    ../fplib/fcmpi.s                         0x00000000   Number         0  fcmpi.o ABSOLUTE
    ../fplib/ffix.s                          0x00000000   Number         0  ffix.o ABSOLUTE
    ../fplib/ffixu.s                         0x00000000   Number         0  ffixu.o ABSOLUTE
    ../fplib/fflt.s                          0x00000000   Number         0  fflt_clz.o ABSOLUTE
    ../fplib/fleqf.s                         0x00000000   Number         0  fleqf.o ABSOLUTE
    ../fplib/fmul.s                          0x00000000   Number         0  fmul.o ABSOLUTE
    ../fplib/fnaninf.s                       0x00000000   Number         0  fnaninf.o ABSOLUTE
    ../fplib/fpinit.s                        0x00000000   Number         0  fpinit.o ABSOLUTE
    ../fplib/fretinf.s                       0x00000000   Number         0  fretinf.o ABSOLUTE
    ../fplib/frleqf.s                        0x00000000   Number         0  frleqf.o ABSOLUTE
    ../fplib/retnan.s                        0x00000000   Number         0  retnan.o ABSOLUTE
    ../fplib/scalbn.s                        0x00000000   Number         0  scalbn.o ABSOLUTE
    ../fplib/trapv.s                         0x00000000   Number         0  trapv.o ABSOLUTE
    ../fplib/usenofp.s                       0x00000000   Number         0  usenofp.o ABSOLUTE
    ../mathlib/dunder.c                      0x00000000   Number         0  dunder.o ABSOLUTE
    ../mathlib/fpclassify.c                  0x00000000   Number         0  fpclassify.o ABSOLUTE
    ../mathlib/poly.c                        0x00000000   Number         0  poly.o ABSOLUTE
    ../mathlib/pow.c                         0x00000000   Number         0  pow_x.o ABSOLUTE
    ../mathlib/pow.c                         0x00000000   Number         0  pow.o ABSOLUTE
    ../mathlib/qnan.c                        0x00000000   Number         0  qnan.o ABSOLUTE
    ../mathlib/sqrt.c                        0x00000000   Number         0  sqrt_x.o ABSOLUTE
    ../mathlib/sqrt.c                        0x00000000   Number         0  sqrt.o ABSOLUTE
    ..\CORE\core_cm3.c                       0x00000000   Number         0  core_cm3.o ABSOLUTE
    ..\CORE\startup_stm32f10x_hd.s           0x00000000   Number         0  startup_stm32f10x_hd.o ABSOLUTE
    ..\HARDWARE\IIC\myiic.c                  0x00000000   Number         0  myiic.o ABSOLUTE
    ..\HARDWARE\KEY\key.c                    0x00000000   Number         0  key.o ABSOLUTE
    ..\HARDWARE\LED\led.c                    0x00000000   Number         0  led.o ABSOLUTE
    ..\HARDWARE\MODO\modo.c                  0x00000000   Number         0  modo.o ABSOLUTE
    ..\HARDWARE\OLED\oled.c                  0x00000000   Number         0  oled.o ABSOLUTE
    ..\HARDWARE\PWM\pwm.c                    0x00000000   Number         0  pwm.o ABSOLUTE
    ..\HARDWARE\USART2\usart2.c              0x00000000   Number         0  usart2.o ABSOLUTE
    ..\SYSTEM\delay\delay.c                  0x00000000   Number         0  delay.o ABSOLUTE
    ..\SYSTEM\sys\sys.c                      0x00000000   Number         0  sys.o ABSOLUTE
    ..\SYSTEM\usart\usart.c                  0x00000000   Number         0  usart.o ABSOLUTE
    ..\\CORE\\core_cm3.c                     0x00000000   Number         0  core_cm3.o ABSOLUTE
    ..\\SYSTEM\\sys\\sys.c                   0x00000000   Number         0  sys.o ABSOLUTE
    ..\stm32f10x_FWLib\src\misc.c            0x00000000   Number         0  misc.o ABSOLUTE
    ..\stm32f10x_FWLib\src\stm32f10x_adc.c   0x00000000   Number         0  stm32f10x_adc.o ABSOLUTE
    ..\stm32f10x_FWLib\src\stm32f10x_bkp.c   0x00000000   Number         0  stm32f10x_bkp.o ABSOLUTE
    ..\stm32f10x_FWLib\src\stm32f10x_can.c   0x00000000   Number         0  stm32f10x_can.o ABSOLUTE
    ..\stm32f10x_FWLib\src\stm32f10x_cec.c   0x00000000   Number         0  stm32f10x_cec.o ABSOLUTE
    ..\stm32f10x_FWLib\src\stm32f10x_crc.c   0x00000000   Number         0  stm32f10x_crc.o ABSOLUTE
    ..\stm32f10x_FWLib\src\stm32f10x_dac.c   0x00000000   Number         0  stm32f10x_dac.o ABSOLUTE
    ..\stm32f10x_FWLib\src\stm32f10x_dbgmcu.c 0x00000000   Number         0  stm32f10x_dbgmcu.o ABSOLUTE
    ..\stm32f10x_FWLib\src\stm32f10x_dma.c   0x00000000   Number         0  stm32f10x_dma.o ABSOLUTE
    ..\stm32f10x_FWLib\src\stm32f10x_exti.c  0x00000000   Number         0  stm32f10x_exti.o ABSOLUTE
    ..\stm32f10x_FWLib\src\stm32f10x_flash.c 0x00000000   Number         0  stm32f10x_flash.o ABSOLUTE
    ..\stm32f10x_FWLib\src\stm32f10x_fsmc.c  0x00000000   Number         0  stm32f10x_fsmc.o ABSOLUTE
    ..\stm32f10x_FWLib\src\stm32f10x_gpio.c  0x00000000   Number         0  stm32f10x_gpio.o ABSOLUTE
    ..\stm32f10x_FWLib\src\stm32f10x_i2c.c   0x00000000   Number         0  stm32f10x_i2c.o ABSOLUTE
    ..\stm32f10x_FWLib\src\stm32f10x_iwdg.c  0x00000000   Number         0  stm32f10x_iwdg.o ABSOLUTE
    ..\stm32f10x_FWLib\src\stm32f10x_pwr.c   0x00000000   Number         0  stm32f10x_pwr.o ABSOLUTE
    ..\stm32f10x_FWLib\src\stm32f10x_rcc.c   0x00000000   Number         0  stm32f10x_rcc.o ABSOLUTE
    ..\stm32f10x_FWLib\src\stm32f10x_rtc.c   0x00000000   Number         0  stm32f10x_rtc.o ABSOLUTE
    ..\stm32f10x_FWLib\src\stm32f10x_sdio.c  0x00000000   Number         0  stm32f10x_sdio.o ABSOLUTE
    ..\stm32f10x_FWLib\src\stm32f10x_spi.c   0x00000000   Number         0  stm32f10x_spi.o ABSOLUTE
    ..\stm32f10x_FWLib\src\stm32f10x_tim.c   0x00000000   Number         0  stm32f10x_tim.o ABSOLUTE
    ..\stm32f10x_FWLib\src\stm32f10x_usart.c 0x00000000   Number         0  stm32f10x_usart.o ABSOLUTE
    ..\stm32f10x_FWLib\src\stm32f10x_wwdg.c  0x00000000   Number         0  stm32f10x_wwdg.o ABSOLUTE
    dc.s                                     0x00000000   Number         0  dc.o ABSOLUTE
    main.c                                   0x00000000   Number         0  main.o ABSOLUTE
    stm32f10x_it.c                           0x00000000   Number         0  stm32f10x_it.o ABSOLUTE
    system_stm32f10x.c                       0x00000000   Number         0  system_stm32f10x.o ABSOLUTE
    RESET                                    0x08000000   Section      304  startup_stm32f10x_hd.o(RESET)
    !!!main                                  0x08000130   Section        8  __main.o(!!!main)
    !!!scatter                               0x08000138   Section       52  __scatter.o(!!!scatter)
    !!dczerorl2                              0x0800016c   Section       90  __dczerorl2.o(!!dczerorl2)
    !!handler_zi                             0x080001c8   Section       28  __scatter_zi.o(!!handler_zi)
    .ARM.Collect$$libinit$$00000000          0x080001e4   Section        2  libinit.o(.ARM.Collect$$libinit$$00000000)
    .ARM.Collect$$libinit$$00000002          0x080001e6   Section        0  libinit2.o(.ARM.Collect$$libinit$$00000002)
    .ARM.Collect$$libinit$$00000004          0x080001e6   Section        0  libinit2.o(.ARM.Collect$$libinit$$00000004)
    .ARM.Collect$$libinit$$0000000A          0x080001e6   Section        0  libinit2.o(.ARM.Collect$$libinit$$0000000A)
    .ARM.Collect$$libinit$$0000000C          0x080001e6   Section        0  libinit2.o(.ARM.Collect$$libinit$$0000000C)
    .ARM.Collect$$libinit$$0000000E          0x080001e6   Section        0  libinit2.o(.ARM.Collect$$libinit$$0000000E)
    .ARM.Collect$$libinit$$00000011          0x080001e6   Section        0  libinit2.o(.ARM.Collect$$libinit$$00000011)
    .ARM.Collect$$libinit$$00000013          0x080001e6   Section        0  libinit2.o(.ARM.Collect$$libinit$$00000013)
    .ARM.Collect$$libinit$$00000015          0x080001e6   Section        0  libinit2.o(.ARM.Collect$$libinit$$00000015)
    .ARM.Collect$$libinit$$00000017          0x080001e6   Section        0  libinit2.o(.ARM.Collect$$libinit$$00000017)
    .ARM.Collect$$libinit$$00000019          0x080001e6   Section        0  libinit2.o(.ARM.Collect$$libinit$$00000019)
    .ARM.Collect$$libinit$$0000001B          0x080001e6   Section        0  libinit2.o(.ARM.Collect$$libinit$$0000001B)
    .ARM.Collect$$libinit$$0000001D          0x080001e6   Section        0  libinit2.o(.ARM.Collect$$libinit$$0000001D)
    .ARM.Collect$$libinit$$0000001F          0x080001e6   Section        0  libinit2.o(.ARM.Collect$$libinit$$0000001F)
    .ARM.Collect$$libinit$$00000021          0x080001e6   Section        0  libinit2.o(.ARM.Collect$$libinit$$00000021)
    .ARM.Collect$$libinit$$00000023          0x080001e6   Section        0  libinit2.o(.ARM.Collect$$libinit$$00000023)
    .ARM.Collect$$libinit$$00000025          0x080001e6   Section        0  libinit2.o(.ARM.Collect$$libinit$$00000025)
    .ARM.Collect$$libinit$$0000002C          0x080001e6   Section        0  libinit2.o(.ARM.Collect$$libinit$$0000002C)
    .ARM.Collect$$libinit$$0000002E          0x080001e6   Section        0  libinit2.o(.ARM.Collect$$libinit$$0000002E)
    .ARM.Collect$$libinit$$00000030          0x080001e6   Section        0  libinit2.o(.ARM.Collect$$libinit$$00000030)
    .ARM.Collect$$libinit$$00000032          0x080001e6   Section        0  libinit2.o(.ARM.Collect$$libinit$$00000032)
    .ARM.Collect$$libinit$$00000033          0x080001e6   Section        2  libinit2.o(.ARM.Collect$$libinit$$00000033)
    .ARM.Collect$$libshutdown$$00000000      0x080001e8   Section        2  libshutdown.o(.ARM.Collect$$libshutdown$$00000000)
    .ARM.Collect$$libshutdown$$00000003      0x080001ea   Section        0  libshutdown2.o(.ARM.Collect$$libshutdown$$00000003)
    .ARM.Collect$$libshutdown$$00000006      0x080001ea   Section        0  libshutdown2.o(.ARM.Collect$$libshutdown$$00000006)
    .ARM.Collect$$libshutdown$$00000009      0x080001ea   Section        0  libshutdown2.o(.ARM.Collect$$libshutdown$$00000009)
    .ARM.Collect$$libshutdown$$0000000B      0x080001ea   Section        0  libshutdown2.o(.ARM.Collect$$libshutdown$$0000000B)
    .ARM.Collect$$libshutdown$$0000000E      0x080001ea   Section        0  libshutdown2.o(.ARM.Collect$$libshutdown$$0000000E)
    .ARM.Collect$$libshutdown$$0000000F      0x080001ea   Section        2  libshutdown2.o(.ARM.Collect$$libshutdown$$0000000F)
    .ARM.Collect$$rtentry$$00000000          0x080001ec   Section        0  __rtentry.o(.ARM.Collect$$rtentry$$00000000)
    .ARM.Collect$$rtentry$$00000002          0x080001ec   Section        0  __rtentry2.o(.ARM.Collect$$rtentry$$00000002)
    .ARM.Collect$$rtentry$$00000004          0x080001ec   Section        6  __rtentry4.o(.ARM.Collect$$rtentry$$00000004)
    .ARM.Collect$$rtentry$$00000009          0x080001f2   Section        0  __rtentry2.o(.ARM.Collect$$rtentry$$00000009)
    .ARM.Collect$$rtentry$$0000000A          0x080001f2   Section        4  __rtentry2.o(.ARM.Collect$$rtentry$$0000000A)
    .ARM.Collect$$rtentry$$0000000C          0x080001f6   Section        0  __rtentry2.o(.ARM.Collect$$rtentry$$0000000C)
    .ARM.Collect$$rtentry$$0000000D          0x080001f6   Section        8  __rtentry2.o(.ARM.Collect$$rtentry$$0000000D)
    .ARM.Collect$$rtexit$$00000000           0x080001fe   Section        2  rtexit.o(.ARM.Collect$$rtexit$$00000000)
    .ARM.Collect$$rtexit$$00000002           0x08000200   Section        0  rtexit2.o(.ARM.Collect$$rtexit$$00000002)
    .ARM.Collect$$rtexit$$00000003           0x08000200   Section        4  rtexit2.o(.ARM.Collect$$rtexit$$00000003)
    .ARM.Collect$$rtexit$$00000004           0x08000204   Section        6  rtexit2.o(.ARM.Collect$$rtexit$$00000004)
    .text                                    0x0800020c   Section       64  startup_stm32f10x_hd.o(.text)
    .text                                    0x0800024c   Section        2  use_no_semi_2.o(.text)
    .text                                    0x0800024e   Section        0  strlcpy.o(.text)
    .text                                    0x080002dc   Section        0  heapauxi.o(.text)
    .text                                    0x080002e2   Section        2  use_no_semi.o(.text)
    .text                                    0x080002e4   Section        0  _rserrno.o(.text)
    .text                                    0x080002fc   Section        8  rt_errno_addr_intlibspace.o(.text)
    .text                                    0x08000304   Section        8  libspace.o(.text)
    .text                                    0x0800030c   Section       74  sys_stackheap_outer.o(.text)
    .text                                    0x08000356   Section        0  exit.o(.text)
    i.BusFault_Handler                       0x08000362   Section        0  stm32f10x_it.o(i.BusFault_Handler)
    i.DebugMon_Handler                       0x08000366   Section        0  stm32f10x_it.o(i.DebugMon_Handler)
    i.GPIO_Init                              0x08000368   Section        0  stm32f10x_gpio.o(i.GPIO_Init)
    i.GPIO_PinRemapConfig                    0x08000480   Section        0  stm32f10x_gpio.o(i.GPIO_PinRemapConfig)
    i.GPIO_ReadInputDataBit                  0x08000510   Section        0  stm32f10x_gpio.o(i.GPIO_ReadInputDataBit)
    i.GPIO_ResetBits                         0x08000522   Section        0  stm32f10x_gpio.o(i.GPIO_ResetBits)
    i.GPIO_SetBits                           0x08000526   Section        0  stm32f10x_gpio.o(i.GPIO_SetBits)
    i.HardFault_Handler                      0x0800052a   Section        0  stm32f10x_it.o(i.HardFault_Handler)
    i.IIC_Init                               0x08000530   Section        0  myiic.o(i.IIC_Init)
    i.IIC_Send_Byte                          0x08000564   Section        0  myiic.o(i.IIC_Send_Byte)
    i.IIC_Start                              0x080005cc   Section        0  myiic.o(i.IIC_Start)
    i.IIC_Stop                               0x08000618   Section        0  myiic.o(i.IIC_Stop)
    i.IIC_Wait_Ack                           0x08000664   Section        0  myiic.o(i.IIC_Wait_Ack)
    i.KEY_Init                               0x080006c8   Section        0  key.o(i.KEY_Init)
    i.KEY_Scan                               0x080006f4   Section        0  key.o(i.KEY_Scan)
    i.LED_Init                               0x0800076c   Section        0  led.o(i.LED_Init)
    i.MODO_1                                 0x080007d4   Section        0  modo.o(i.MODO_1)
    i.MODO_2                                 0x08000958   Section        0  modo.o(i.MODO_2)
    i.MemManage_Handler                      0x08000aa4   Section        0  stm32f10x_it.o(i.MemManage_Handler)
    i.NMI_Handler                            0x08000aa8   Section        0  stm32f10x_it.o(i.NMI_Handler)
    i.NVIC_Init                              0x08000aac   Section        0  misc.o(i.NVIC_Init)
    i.NVIC_PriorityGroupConfig               0x08000b1c   Section        0  misc.o(i.NVIC_PriorityGroupConfig)
    i.OLED_Clear                             0x08000b30   Section        0  oled.o(i.OLED_Clear)
    i.OLED_Init                              0x08000b6e   Section        0  oled.o(i.OLED_Init)
    i.OLED_Set_Pos                           0x08000c4a   Section        0  oled.o(i.OLED_Set_Pos)
    i.OLED_ShowChar                          0x08000c78   Section        0  oled.o(i.OLED_ShowChar)
    i.OLED_ShowNum                           0x08000d1c   Section        0  oled.o(i.OLED_ShowNum)
    i.OLED_ShowString                        0x08000da4   Section        0  oled.o(i.OLED_ShowString)
    i.OLED_WR_Byte                           0x08000dde   Section        0  myiic.o(i.OLED_WR_Byte)
    i.PendSV_Handler                         0x08000df6   Section        0  stm32f10x_it.o(i.PendSV_Handler)
    i.RCC_APB1PeriphClockCmd                 0x08000df8   Section        0  stm32f10x_rcc.o(i.RCC_APB1PeriphClockCmd)
    i.RCC_APB2PeriphClockCmd                 0x08000e18   Section        0  stm32f10x_rcc.o(i.RCC_APB2PeriphClockCmd)
    i.RCC_GetClocksFreq                      0x08000e38   Section        0  stm32f10x_rcc.o(i.RCC_GetClocksFreq)
    i.SPRTODATA                              0x08000f0c   Section        0  modo.o(i.SPRTODATA)
    i.SVC_Handler                            0x08000fd0   Section        0  stm32f10x_it.o(i.SVC_Handler)
    i.Scan                                   0x08000fd4   Section        0  modo.o(i.Scan)
    i.SetSysClock                            0x080010b0   Section        0  system_stm32f10x.o(i.SetSysClock)
    SetSysClock                              0x080010b1   Thumb Code     8  system_stm32f10x.o(i.SetSysClock)
    i.SetSysClockTo72                        0x080010b8   Section        0  system_stm32f10x.o(i.SetSysClockTo72)
    SetSysClockTo72                          0x080010b9   Thumb Code   214  system_stm32f10x.o(i.SetSysClockTo72)
    i.SysTick_CLKSourceConfig                0x08001198   Section        0  misc.o(i.SysTick_CLKSourceConfig)
    i.SysTick_Handler                        0x080011c0   Section        0  stm32f10x_it.o(i.SysTick_Handler)
    i.SystemInit                             0x080011c4   Section        0  system_stm32f10x.o(i.SystemInit)
    i.TIM3_PWM_Init                          0x08001224   Section        0  pwm.o(i.TIM3_PWM_Init)
    i.TIM_Cmd                                0x080012d4   Section        0  stm32f10x_tim.o(i.TIM_Cmd)
    i.TIM_OC2Init                            0x080012ec   Section        0  stm32f10x_tim.o(i.TIM_OC2Init)
    i.TIM_OC2PreloadConfig                   0x08001390   Section        0  stm32f10x_tim.o(i.TIM_OC2PreloadConfig)
    i.TIM_OC3Init                            0x080013ac   Section        0  stm32f10x_tim.o(i.TIM_OC3Init)
    i.TIM_OC3PreloadConfig                   0x0800144c   Section        0  stm32f10x_tim.o(i.TIM_OC3PreloadConfig)
    i.TIM_TimeBaseInit                       0x08001460   Section        0  stm32f10x_tim.o(i.TIM_TimeBaseInit)
    i.USART1_IRQHandler                      0x08001504   Section        0  usart.o(i.USART1_IRQHandler)
    i.USART2_IRQHandler                      0x08001580   Section        0  usart2.o(i.USART2_IRQHandler)
    i.USART_Cmd                              0x080015b4   Section        0  stm32f10x_usart.o(i.USART_Cmd)
    i.USART_GetFlagStatus                    0x080015cc   Section        0  stm32f10x_usart.o(i.USART_GetFlagStatus)
    i.USART_GetITStatus                      0x080015e6   Section        0  stm32f10x_usart.o(i.USART_GetITStatus)
    i.USART_ITConfig                         0x0800163a   Section        0  stm32f10x_usart.o(i.USART_ITConfig)
    i.USART_Init                             0x08001684   Section        0  stm32f10x_usart.o(i.USART_Init)
    i.USART_ReceiveData                      0x0800175c   Section        0  stm32f10x_usart.o(i.USART_ReceiveData)
    i.USART_SendData                         0x08001766   Section        0  stm32f10x_usart.o(i.USART_SendData)
    i.UsageFault_Handler                     0x0800176e   Section        0  stm32f10x_it.o(i.UsageFault_Handler)
    i.Usart2_Write_Bytes                     0x08001772   Section        0  usart2.o(i.Usart2_Write_Bytes)
    i.Write_IIC_Command                      0x080017a2   Section        0  myiic.o(i.Write_IIC_Command)
    i.Write_IIC_Data                         0x080017ce   Section        0  myiic.o(i.Write_IIC_Data)
    i.__ARM_fpclassify                       0x080017fa   Section        0  fpclassify.o(i.__ARM_fpclassify)
    i.__kernel_poly                          0x08001822   Section        0  poly.o(i.__kernel_poly)
    i.__mathlib_dbl_divzero                  0x080018cc   Section        0  dunder.o(i.__mathlib_dbl_divzero)
    i.__mathlib_dbl_infnan2                  0x080018dc   Section        0  dunder.o(i.__mathlib_dbl_infnan2)
    i.__mathlib_dbl_invalid                  0x080018e0   Section        0  dunder.o(i.__mathlib_dbl_invalid)
    i.__mathlib_dbl_overflow                 0x080018ec   Section        0  dunder.o(i.__mathlib_dbl_overflow)
    i.__mathlib_dbl_underflow                0x080018fc   Section        0  dunder.o(i.__mathlib_dbl_underflow)
    i._sys_exit                              0x0800190c   Section        0  usart.o(i._sys_exit)
    i.delay_init                             0x08001914   Section        0  delay.o(i.delay_init)
    i.delay_ms                               0x08001958   Section        0  delay.o(i.delay_ms)
    i.delay_us                               0x080019a4   Section        0  delay.o(i.delay_us)
    i.main                                   0x080019f0   Section        0  main.o(i.main)
    i.oled_pow                               0x08001c5c   Section        0  oled.o(i.oled_pow)
    i.pow                                    0x08001c74   Section        0  pow.o(i.pow)
    i.sqrt                                   0x0800262c   Section        0  sqrt.o(i.sqrt)
    i.uart2_init                             0x08002678   Section        0  usart2.o(i.uart2_init)
    i.uart_init                              0x0800271c   Section        0  usart.o(i.uart_init)
    x$fpl$d2f                                0x080027bc   Section       98  d2f.o(x$fpl$d2f)
    x$fpl$dadd                               0x08002820   Section      336  daddsub_clz.o(x$fpl$dadd)
    _dadd1                                   0x08002831   Thumb Code     0  daddsub_clz.o(x$fpl$dadd)
    x$fpl$dcheck1                            0x08002970   Section       16  dcheck1.o(x$fpl$dcheck1)
    x$fpl$dcmpinf                            0x08002980   Section       24  dcmpi.o(x$fpl$dcmpinf)
    x$fpl$ddiv                               0x08002998   Section      688  ddiv.o(x$fpl$ddiv)
    ddiv_entry                               0x0800299f   Thumb Code     0  ddiv.o(x$fpl$ddiv)
    x$fpl$dfixu                              0x08002c48   Section       90  dfixu.o(x$fpl$dfixu)
    x$fpl$dflt                               0x08002ca2   Section       46  dflt_clz.o(x$fpl$dflt)
    x$fpl$dfltu                              0x08002cd0   Section       38  dflt_clz.o(x$fpl$dfltu)
    x$fpl$dleqf                              0x08002cf8   Section      120  dleqf.o(x$fpl$dleqf)
    x$fpl$dmul                               0x08002d70   Section      340  dmul.o(x$fpl$dmul)
    x$fpl$dnaninf                            0x08002ec4   Section      156  dnaninf.o(x$fpl$dnaninf)
    x$fpl$dretinf                            0x08002f60   Section       12  dretinf.o(x$fpl$dretinf)
    x$fpl$drleqf                             0x08002f6c   Section      108  drleqf.o(x$fpl$drleqf)
    x$fpl$drsb                               0x08002fd8   Section       22  daddsub_clz.o(x$fpl$drsb)
    x$fpl$dsqrt                              0x08002ff0   Section      460  dsqrt_noumaal.o(x$fpl$dsqrt)
    x$fpl$dsub                               0x080031bc   Section      468  daddsub_clz.o(x$fpl$dsub)
    _dsub1                                   0x080031cd   Thumb Code     0  daddsub_clz.o(x$fpl$dsub)
    x$fpl$f2d                                0x08003390   Section       86  f2d.o(x$fpl$f2d)
    x$fpl$fadd                               0x080033e8   Section      196  faddsub_clz.o(x$fpl$fadd)
    _fadd1                                   0x080033f7   Thumb Code     0  faddsub_clz.o(x$fpl$fadd)
    x$fpl$fcmpinf                            0x080034ac   Section       24  fcmpi.o(x$fpl$fcmpinf)
    x$fpl$ffix                               0x080034c4   Section       54  ffix.o(x$fpl$ffix)
    x$fpl$ffixu                              0x080034fc   Section       62  ffixu.o(x$fpl$ffixu)
    x$fpl$fflt                               0x0800353c   Section       48  fflt_clz.o(x$fpl$fflt)
    x$fpl$fleqf                              0x0800356c   Section      104  fleqf.o(x$fpl$fleqf)
    x$fpl$fmul                               0x080035d4   Section      258  fmul.o(x$fpl$fmul)
    x$fpl$fnaninf                            0x080036d6   Section      140  fnaninf.o(x$fpl$fnaninf)
    x$fpl$fretinf                            0x08003762   Section       10  fretinf.o(x$fpl$fretinf)
    x$fpl$frleqf                             0x0800376c   Section       98  frleqf.o(x$fpl$frleqf)
    x$fpl$fsub                               0x080037d0   Section      234  faddsub_clz.o(x$fpl$fsub)
    _fsub1                                   0x080037df   Thumb Code     0  faddsub_clz.o(x$fpl$fsub)
    x$fpl$retnan                             0x080038ba   Section      100  retnan.o(x$fpl$retnan)
    x$fpl$scalbn                             0x0800391e   Section       92  scalbn.o(x$fpl$scalbn)
    x$fpl$trapveneer                         0x0800397a   Section       48  trapv.o(x$fpl$trapveneer)
    .constdata                               0x080039aa   Section      552  oled.o(.constdata)
    x$fpl$usenofp                            0x080039aa   Section        0  usenofp.o(x$fpl$usenofp)
    .constdata                               0x08003bd8   Section      136  pow.o(.constdata)
    bp                                       0x08003bd8   Data          16  pow.o(.constdata)
    dp_h                                     0x08003be8   Data          16  pow.o(.constdata)
    dp_l                                     0x08003bf8   Data          16  pow.o(.constdata)
    L                                        0x08003c08   Data          48  pow.o(.constdata)
    P                                        0x08003c38   Data          40  pow.o(.constdata)
    .constdata                               0x08003c60   Section        8  qnan.o(.constdata)
    .data                                    0x20000000   Section       16  main.o(.data)
    .data                                    0x20000010   Section       20  system_stm32f10x.o(.data)
    .data                                    0x20000024   Section        1  key.o(.data)
    key_up                                   0x20000024   Data           1  key.o(.data)
    .data                                    0x20000028   Section        8  usart2.o(.data)
    i                                        0x2000002c   Data           4  usart2.o(.data)
    .data                                    0x20000030   Section     1968  oled.o(.data)
    .data                                    0x200007e0   Section      123  modo.o(.data)
    len                                      0x200007e8   Data           4  modo.o(.data)
    flag                                     0x200007ec   Data           4  modo.o(.data)
    .data                                    0x2000085c   Section        4  delay.o(.data)
    fac_us                                   0x2000085c   Data           1  delay.o(.data)
    fac_ms                                   0x2000085e   Data           2  delay.o(.data)
    .data                                    0x20000860   Section        6  usart.o(.data)
    .data                                    0x20000866   Section       20  stm32f10x_rcc.o(.data)
    APBAHBPrescTable                         0x20000866   Data          16  stm32f10x_rcc.o(.data)
    ADCPrescTable                            0x20000876   Data           4  stm32f10x_rcc.o(.data)
    .bss                                     0x2000087c   Section       40  main.o(.bss)
    .bss                                     0x200008a4   Section      200  usart.o(.bss)
    .bss                                     0x2000096c   Section       96  libspace.o(.bss)
    HEAP                                     0x200009d0   Section      512  startup_stm32f10x_hd.o(HEAP)
    Heap_Mem                                 0x200009d0   Data         512  startup_stm32f10x_hd.o(HEAP)
    STACK                                    0x20000bd0   Section     1024  startup_stm32f10x_hd.o(STACK)
    Stack_Mem                                0x20000bd0   Data        1024  startup_stm32f10x_hd.o(STACK)
    __initial_sp                             0x20000fd0   Data           0  startup_stm32f10x_hd.o(STACK)

    Global Symbols

    Symbol Name                              Value     Ov Type        Size  Object(Section)

    BuildAttributes$$THM_ISAv4$P$D$K$B$S$PE$A:L22UL41UL21$X:L11$S22US41US21$IEEE1$IW$USESV6$~STKCKD$USESV7$~SHL$OTIME$ROPI$IEEEX$EBA8$UX$STANDARDLIB$REQ8$PRES8$EABIv2 0x00000000   Number         0  anon$$obj.o ABSOLUTE
    __ARM_use_no_argv                        0x00000000   Number         0  main.o ABSOLUTE
    __ARM_exceptions_init                     - Undefined Weak Reference
    __alloca_initialize                       - Undefined Weak Reference
    __arm_preinit_                            - Undefined Weak Reference
    __cpp_initialize__aeabi_                  - Undefined Weak Reference
    __cxa_finalize                            - Undefined Weak Reference
    __rt_locale                               - Undefined Weak Reference
    __sigvec_lookup                           - Undefined Weak Reference
    _atexit_init                              - Undefined Weak Reference
    _call_atexit_fns                          - Undefined Weak Reference
    _clock_init                               - Undefined Weak Reference
    _fp_trap_init                             - Undefined Weak Reference
    _fp_trap_shutdown                         - Undefined Weak Reference
    _get_lc_collate                           - Undefined Weak Reference
    _get_lc_ctype                             - Undefined Weak Reference
    _get_lc_monetary                          - Undefined Weak Reference
    _get_lc_numeric                           - Undefined Weak Reference
    _get_lc_time                              - Undefined Weak Reference
    _getenv_init                              - Undefined Weak Reference
    _handle_redirection                       - Undefined Weak Reference
    _init_alloc                               - Undefined Weak Reference
    _init_user_alloc                          - Undefined Weak Reference
    _initio                                   - Undefined Weak Reference
    _rand_init                                - Undefined Weak Reference
    _signal_finish                            - Undefined Weak Reference
    _signal_init                              - Undefined Weak Reference
    _terminate_alloc                          - Undefined Weak Reference
    _terminate_user_alloc                     - Undefined Weak Reference
    _terminateio                              - Undefined Weak Reference
    __Vectors_Size                           0x00000130   Number         0  startup_stm32f10x_hd.o ABSOLUTE
    __Vectors                                0x08000000   Data           4  startup_stm32f10x_hd.o(RESET)
    __Vectors_End                            0x08000130   Data           0  startup_stm32f10x_hd.o(RESET)
    __main                                   0x08000131   Thumb Code     8  __main.o(!!!main)
    __scatterload                            0x08000139   Thumb Code     0  __scatter.o(!!!scatter)
    __scatterload_rt2                        0x08000139   Thumb Code    44  __scatter.o(!!!scatter)
    __scatterload_rt2_thumb_only             0x08000139   Thumb Code     0  __scatter.o(!!!scatter)
    __scatterload_null                       0x08000147   Thumb Code     0  __scatter.o(!!!scatter)
    __decompress                             0x0800016d   Thumb Code    90  __dczerorl2.o(!!dczerorl2)
    __decompress1                            0x0800016d   Thumb Code     0  __dczerorl2.o(!!dczerorl2)
    __scatterload_zeroinit                   0x080001c9   Thumb Code    28  __scatter_zi.o(!!handler_zi)
    __rt_lib_init                            0x080001e5   Thumb Code     0  libinit.o(.ARM.Collect$$libinit$$00000000)
    __rt_lib_init_alloca_1                   0x080001e7   Thumb Code     0  libinit2.o(.ARM.Collect$$libinit$$0000002E)
    __rt_lib_init_argv_1                     0x080001e7   Thumb Code     0  libinit2.o(.ARM.Collect$$libinit$$0000002C)
    __rt_lib_init_atexit_1                   0x080001e7   Thumb Code     0  libinit2.o(.ARM.Collect$$libinit$$0000001B)
    __rt_lib_init_clock_1                    0x080001e7   Thumb Code     0  libinit2.o(.ARM.Collect$$libinit$$00000021)
    __rt_lib_init_cpp_1                      0x080001e7   Thumb Code     0  libinit2.o(.ARM.Collect$$libinit$$00000032)
    __rt_lib_init_exceptions_1               0x080001e7   Thumb Code     0  libinit2.o(.ARM.Collect$$libinit$$00000030)
    __rt_lib_init_fp_1                       0x080001e7   Thumb Code     0  libinit2.o(.ARM.Collect$$libinit$$00000002)
    __rt_lib_init_fp_trap_1                  0x080001e7   Thumb Code     0  libinit2.o(.ARM.Collect$$libinit$$0000001F)
    __rt_lib_init_getenv_1                   0x080001e7   Thumb Code     0  libinit2.o(.ARM.Collect$$libinit$$00000023)
    __rt_lib_init_heap_1                     0x080001e7   Thumb Code     0  libinit2.o(.ARM.Collect$$libinit$$0000000A)
    __rt_lib_init_lc_collate_1               0x080001e7   Thumb Code     0  libinit2.o(.ARM.Collect$$libinit$$00000011)
    __rt_lib_init_lc_ctype_1                 0x080001e7   Thumb Code     0  libinit2.o(.ARM.Collect$$libinit$$00000013)
    __rt_lib_init_lc_monetary_1              0x080001e7   Thumb Code     0  libinit2.o(.ARM.Collect$$libinit$$00000015)
    __rt_lib_init_lc_numeric_1               0x080001e7   Thumb Code     0  libinit2.o(.ARM.Collect$$libinit$$00000017)
    __rt_lib_init_lc_time_1                  0x080001e7   Thumb Code     0  libinit2.o(.ARM.Collect$$libinit$$00000019)
    __rt_lib_init_preinit_1                  0x080001e7   Thumb Code     0  libinit2.o(.ARM.Collect$$libinit$$00000004)
    __rt_lib_init_rand_1                     0x080001e7   Thumb Code     0  libinit2.o(.ARM.Collect$$libinit$$0000000E)
    __rt_lib_init_return                     0x080001e7   Thumb Code     0  libinit2.o(.ARM.Collect$$libinit$$00000033)
    __rt_lib_init_signal_1                   0x080001e7   Thumb Code     0  libinit2.o(.ARM.Collect$$libinit$$0000001D)
    __rt_lib_init_stdio_1                    0x080001e7   Thumb Code     0  libinit2.o(.ARM.Collect$$libinit$$00000025)
    __rt_lib_init_user_alloc_1               0x080001e7   Thumb Code     0  libinit2.o(.ARM.Collect$$libinit$$0000000C)
    __rt_lib_shutdown                        0x080001e9   Thumb Code     0  libshutdown.o(.ARM.Collect$$libshutdown$$00000000)
    __rt_lib_shutdown_fp_trap_1              0x080001eb   Thumb Code     0  libshutdown2.o(.ARM.Collect$$libshutdown$$00000006)
    __rt_lib_shutdown_heap_1                 0x080001eb   Thumb Code     0  libshutdown2.o(.ARM.Collect$$libshutdown$$0000000E)
    __rt_lib_shutdown_return                 0x080001eb   Thumb Code     0  libshutdown2.o(.ARM.Collect$$libshutdown$$0000000F)
    __rt_lib_shutdown_signal_1               0x080001eb   Thumb Code     0  libshutdown2.o(.ARM.Collect$$libshutdown$$00000009)
    __rt_lib_shutdown_stdio_1                0x080001eb   Thumb Code     0  libshutdown2.o(.ARM.Collect$$libshutdown$$00000003)
    __rt_lib_shutdown_user_alloc_1           0x080001eb   Thumb Code     0  libshutdown2.o(.ARM.Collect$$libshutdown$$0000000B)
    __rt_entry                               0x080001ed   Thumb Code     0  __rtentry.o(.ARM.Collect$$rtentry$$00000000)
    __rt_entry_presh_1                       0x080001ed   Thumb Code     0  __rtentry2.o(.ARM.Collect$$rtentry$$00000002)
    __rt_entry_sh                            0x080001ed   Thumb Code     0  __rtentry4.o(.ARM.Collect$$rtentry$$00000004)
    __rt_entry_li                            0x080001f3   Thumb Code     0  __rtentry2.o(.ARM.Collect$$rtentry$$0000000A)
    __rt_entry_postsh_1                      0x080001f3   Thumb Code     0  __rtentry2.o(.ARM.Collect$$rtentry$$00000009)
    __rt_entry_main                          0x080001f7   Thumb Code     0  __rtentry2.o(.ARM.Collect$$rtentry$$0000000D)
    __rt_entry_postli_1                      0x080001f7   Thumb Code     0  __rtentry2.o(.ARM.Collect$$rtentry$$0000000C)
    __rt_exit                                0x080001ff   Thumb Code     0  rtexit.o(.ARM.Collect$$rtexit$$00000000)
    __rt_exit_ls                             0x08000201   Thumb Code     0  rtexit2.o(.ARM.Collect$$rtexit$$00000003)
    __rt_exit_prels_1                        0x08000201   Thumb Code     0  rtexit2.o(.ARM.Collect$$rtexit$$00000002)
    __rt_exit_exit                           0x08000205   Thumb Code     0  rtexit2.o(.ARM.Collect$$rtexit$$00000004)
    Reset_Handler                            0x0800020d   Thumb Code     8  startup_stm32f10x_hd.o(.text)
    ADC1_2_IRQHandler                        0x08000227   Thumb Code     0  startup_stm32f10x_hd.o(.text)
    ADC3_IRQHandler                          0x08000227   Thumb Code     0  startup_stm32f10x_hd.o(.text)
    CAN1_RX1_IRQHandler                      0x08000227   Thumb Code     0  startup_stm32f10x_hd.o(.text)
    CAN1_SCE_IRQHandler                      0x08000227   Thumb Code     0  startup_stm32f10x_hd.o(.text)
    DMA1_Channel1_IRQHandler                 0x08000227   Thumb Code     0  startup_stm32f10x_hd.o(.text)
    DMA1_Channel2_IRQHandler                 0x08000227   Thumb Code     0  startup_stm32f10x_hd.o(.text)
    DMA1_Channel3_IRQHandler                 0x08000227   Thumb Code     0  startup_stm32f10x_hd.o(.text)
    DMA1_Channel4_IRQHandler                 0x08000227   Thumb Code     0  startup_stm32f10x_hd.o(.text)
    DMA1_Channel5_IRQHandler                 0x08000227   Thumb Code     0  startup_stm32f10x_hd.o(.text)
    DMA1_Channel6_IRQHandler                 0x08000227   Thumb Code     0  startup_stm32f10x_hd.o(.text)
    DMA1_Channel7_IRQHandler                 0x08000227   Thumb Code     0  startup_stm32f10x_hd.o(.text)
    DMA2_Channel1_IRQHandler                 0x08000227   Thumb Code     0  startup_stm32f10x_hd.o(.text)
    DMA2_Channel2_IRQHandler                 0x08000227   Thumb Code     0  startup_stm32f10x_hd.o(.text)
    DMA2_Channel3_IRQHandler                 0x08000227   Thumb Code     0  startup_stm32f10x_hd.o(.text)
    DMA2_Channel4_5_IRQHandler               0x08000227   Thumb Code     0  startup_stm32f10x_hd.o(.text)
    EXTI0_IRQHandler                         0x08000227   Thumb Code     0  startup_stm32f10x_hd.o(.text)
    EXTI15_10_IRQHandler                     0x08000227   Thumb Code     0  startup_stm32f10x_hd.o(.text)
    EXTI1_IRQHandler                         0x08000227   Thumb Code     0  startup_stm32f10x_hd.o(.text)
    EXTI2_IRQHandler                         0x08000227   Thumb Code     0  startup_stm32f10x_hd.o(.text)
    EXTI3_IRQHandler                         0x08000227   Thumb Code     0  startup_stm32f10x_hd.o(.text)
    EXTI4_IRQHandler                         0x08000227   Thumb Code     0  startup_stm32f10x_hd.o(.text)
    EXTI9_5_IRQHandler                       0x08000227   Thumb Code     0  startup_stm32f10x_hd.o(.text)
    FLASH_IRQHandler                         0x08000227   Thumb Code     0  startup_stm32f10x_hd.o(.text)
    FSMC_IRQHandler                          0x08000227   Thumb Code     0  startup_stm32f10x_hd.o(.text)
    I2C1_ER_IRQHandler                       0x08000227   Thumb Code     0  startup_stm32f10x_hd.o(.text)
    I2C1_EV_IRQHandler                       0x08000227   Thumb Code     0  startup_stm32f10x_hd.o(.text)
    I2C2_ER_IRQHandler                       0x08000227   Thumb Code     0  startup_stm32f10x_hd.o(.text)
    I2C2_EV_IRQHandler                       0x08000227   Thumb Code     0  startup_stm32f10x_hd.o(.text)
    PVD_IRQHandler                           0x08000227   Thumb Code     0  startup_stm32f10x_hd.o(.text)
    RCC_IRQHandler                           0x08000227   Thumb Code     0  startup_stm32f10x_hd.o(.text)
    RTCAlarm_IRQHandler                      0x08000227   Thumb Code     0  startup_stm32f10x_hd.o(.text)
    RTC_IRQHandler                           0x08000227   Thumb Code     0  startup_stm32f10x_hd.o(.text)
    SDIO_IRQHandler                          0x08000227   Thumb Code     0  startup_stm32f10x_hd.o(.text)
    SPI1_IRQHandler                          0x08000227   Thumb Code     0  startup_stm32f10x_hd.o(.text)
    SPI2_IRQHandler                          0x08000227   Thumb Code     0  startup_stm32f10x_hd.o(.text)
    SPI3_IRQHandler                          0x08000227   Thumb Code     0  startup_stm32f10x_hd.o(.text)
    TAMPER_IRQHandler                        0x08000227   Thumb Code     0  startup_stm32f10x_hd.o(.text)
    TIM1_BRK_IRQHandler                      0x08000227   Thumb Code     0  startup_stm32f10x_hd.o(.text)
    TIM1_CC_IRQHandler                       0x08000227   Thumb Code     0  startup_stm32f10x_hd.o(.text)
    TIM1_TRG_COM_IRQHandler                  0x08000227   Thumb Code     0  startup_stm32f10x_hd.o(.text)
    TIM1_UP_IRQHandler                       0x08000227   Thumb Code     0  startup_stm32f10x_hd.o(.text)
    TIM2_IRQHandler                          0x08000227   Thumb Code     0  startup_stm32f10x_hd.o(.text)
    TIM3_IRQHandler                          0x08000227   Thumb Code     0  startup_stm32f10x_hd.o(.text)
    TIM4_IRQHandler                          0x08000227   Thumb Code     0  startup_stm32f10x_hd.o(.text)
    TIM5_IRQHandler                          0x08000227   Thumb Code     0  startup_stm32f10x_hd.o(.text)
    TIM6_IRQHandler                          0x08000227   Thumb Code     0  startup_stm32f10x_hd.o(.text)
    TIM7_IRQHandler                          0x08000227   Thumb Code     0  startup_stm32f10x_hd.o(.text)
    TIM8_BRK_IRQHandler                      0x08000227   Thumb Code     0  startup_stm32f10x_hd.o(.text)
    TIM8_CC_IRQHandler                       0x08000227   Thumb Code     0  startup_stm32f10x_hd.o(.text)
    TIM8_TRG_COM_IRQHandler                  0x08000227   Thumb Code     0  startup_stm32f10x_hd.o(.text)
    TIM8_UP_IRQHandler                       0x08000227   Thumb Code     0  startup_stm32f10x_hd.o(.text)
    UART4_IRQHandler                         0x08000227   Thumb Code     0  startup_stm32f10x_hd.o(.text)
    UART5_IRQHandler                         0x08000227   Thumb Code     0  startup_stm32f10x_hd.o(.text)
    USART3_IRQHandler                        0x08000227   Thumb Code     0  startup_stm32f10x_hd.o(.text)
    USBWakeUp_IRQHandler                     0x08000227   Thumb Code     0  startup_stm32f10x_hd.o(.text)
    USB_HP_CAN1_TX_IRQHandler                0x08000227   Thumb Code     0  startup_stm32f10x_hd.o(.text)
    USB_LP_CAN1_RX0_IRQHandler               0x08000227   Thumb Code     0  startup_stm32f10x_hd.o(.text)
    WWDG_IRQHandler                          0x08000227   Thumb Code     0  startup_stm32f10x_hd.o(.text)
    __user_initial_stackheap                 0x08000229   Thumb Code     0  startup_stm32f10x_hd.o(.text)
    __use_no_semihosting                     0x0800024d   Thumb Code     2  use_no_semi_2.o(.text)
    strlcpy                                  0x0800024f   Thumb Code   142  strlcpy.o(.text)
    __use_two_region_memory                  0x080002dd   Thumb Code     2  heapauxi.o(.text)
    __rt_heap_escrow$2region                 0x080002df   Thumb Code     2  heapauxi.o(.text)
    __rt_heap_expand$2region                 0x080002e1   Thumb Code     2  heapauxi.o(.text)
    __I$use$semihosting                      0x080002e3   Thumb Code     0  use_no_semi.o(.text)
    __use_no_semihosting_swi                 0x080002e3   Thumb Code     2  use_no_semi.o(.text)
    __read_errno                             0x080002e5   Thumb Code    10  _rserrno.o(.text)
    __set_errno                              0x080002ef   Thumb Code    12  _rserrno.o(.text)
    __aeabi_errno_addr                       0x080002fd   Thumb Code     8  rt_errno_addr_intlibspace.o(.text)
    __errno$intlibspace                      0x080002fd   Thumb Code     0  rt_errno_addr_intlibspace.o(.text)
    __rt_errno_addr$intlibspace              0x080002fd   Thumb Code     0  rt_errno_addr_intlibspace.o(.text)
    __user_libspace                          0x08000305   Thumb Code     8  libspace.o(.text)
    __user_perproc_libspace                  0x08000305   Thumb Code     0  libspace.o(.text)
    __user_perthread_libspace                0x08000305   Thumb Code     0  libspace.o(.text)
    __user_setup_stackheap                   0x0800030d   Thumb Code    74  sys_stackheap_outer.o(.text)
    exit                                     0x08000357   Thumb Code    12  exit.o(.text)
    BusFault_Handler                         0x08000363   Thumb Code     4  stm32f10x_it.o(i.BusFault_Handler)
    DebugMon_Handler                         0x08000367   Thumb Code     2  stm32f10x_it.o(i.DebugMon_Handler)
    GPIO_Init                                0x08000369   Thumb Code   278  stm32f10x_gpio.o(i.GPIO_Init)
    GPIO_PinRemapConfig                      0x08000481   Thumb Code   138  stm32f10x_gpio.o(i.GPIO_PinRemapConfig)
    GPIO_ReadInputDataBit                    0x08000511   Thumb Code    18  stm32f10x_gpio.o(i.GPIO_ReadInputDataBit)
    GPIO_ResetBits                           0x08000523   Thumb Code     4  stm32f10x_gpio.o(i.GPIO_ResetBits)
    GPIO_SetBits                             0x08000527   Thumb Code     4  stm32f10x_gpio.o(i.GPIO_SetBits)
    HardFault_Handler                        0x0800052b   Thumb Code     4  stm32f10x_it.o(i.HardFault_Handler)
    IIC_Init                                 0x08000531   Thumb Code    46  myiic.o(i.IIC_Init)
    IIC_Send_Byte                            0x08000565   Thumb Code    90  myiic.o(i.IIC_Send_Byte)
    IIC_Start                                0x080005cd   Thumb Code    64  myiic.o(i.IIC_Start)
    IIC_Stop                                 0x08000619   Thumb Code    62  myiic.o(i.IIC_Stop)
    IIC_Wait_Ack                             0x08000665   Thumb Code    86  myiic.o(i.IIC_Wait_Ack)
    KEY_Init                                 0x080006c9   Thumb Code    38  key.o(i.KEY_Init)
    KEY_Scan                                 0x080006f5   Thumb Code   110  key.o(i.KEY_Scan)
    LED_Init                                 0x0800076d   Thumb Code    94  led.o(i.LED_Init)
    MODO_1                                   0x080007d5   Thumb Code   282  modo.o(i.MODO_1)
    MODO_2                                   0x08000959   Thumb Code   278  modo.o(i.MODO_2)
    MemManage_Handler                        0x08000aa5   Thumb Code     4  stm32f10x_it.o(i.MemManage_Handler)
    NMI_Handler                              0x08000aa9   Thumb Code     2  stm32f10x_it.o(i.NMI_Handler)
    NVIC_Init                                0x08000aad   Thumb Code   100  misc.o(i.NVIC_Init)
    NVIC_PriorityGroupConfig                 0x08000b1d   Thumb Code    10  misc.o(i.NVIC_PriorityGroupConfig)
    OLED_Clear                               0x08000b31   Thumb Code    62  oled.o(i.OLED_Clear)
    OLED_Init                                0x08000b6f   Thumb Code   220  oled.o(i.OLED_Init)
    OLED_Set_Pos                             0x08000c4b   Thumb Code    46  oled.o(i.OLED_Set_Pos)
    OLED_ShowChar                            0x08000c79   Thumb Code   154  oled.o(i.OLED_ShowChar)
    OLED_ShowNum                             0x08000d1d   Thumb Code   136  oled.o(i.OLED_ShowNum)
    OLED_ShowString                          0x08000da5   Thumb Code    58  oled.o(i.OLED_ShowString)
    OLED_WR_Byte                             0x08000ddf   Thumb Code    24  myiic.o(i.OLED_WR_Byte)
    PendSV_Handler                           0x08000df7   Thumb Code     2  stm32f10x_it.o(i.PendSV_Handler)
    RCC_APB1PeriphClockCmd                   0x08000df9   Thumb Code    26  stm32f10x_rcc.o(i.RCC_APB1PeriphClockCmd)
    RCC_APB2PeriphClockCmd                   0x08000e19   Thumb Code    26  stm32f10x_rcc.o(i.RCC_APB2PeriphClockCmd)
    RCC_GetClocksFreq                        0x08000e39   Thumb Code   192  stm32f10x_rcc.o(i.RCC_GetClocksFreq)
    SPRTODATA                                0x08000f0d   Thumb Code   190  modo.o(i.SPRTODATA)
    SVC_Handler                              0x08000fd1   Thumb Code     2  stm32f10x_it.o(i.SVC_Handler)
    Scan                                     0x08000fd5   Thumb Code   190  modo.o(i.Scan)
    SysTick_CLKSourceConfig                  0x08001199   Thumb Code    40  misc.o(i.SysTick_CLKSourceConfig)
    SysTick_Handler                          0x080011c1   Thumb Code     2  stm32f10x_it.o(i.SysTick_Handler)
    SystemInit                               0x080011c5   Thumb Code    78  system_stm32f10x.o(i.SystemInit)
    TIM3_PWM_Init                            0x08001225   Thumb Code   164  pwm.o(i.TIM3_PWM_Init)
    TIM_Cmd                                  0x080012d5   Thumb Code    24  stm32f10x_tim.o(i.TIM_Cmd)
    TIM_OC2Init                              0x080012ed   Thumb Code   154  stm32f10x_tim.o(i.TIM_OC2Init)
    TIM_OC2PreloadConfig                     0x08001391   Thumb Code    26  stm32f10x_tim.o(i.TIM_OC2PreloadConfig)
    TIM_OC3Init                              0x080013ad   Thumb Code   150  stm32f10x_tim.o(i.TIM_OC3Init)
    TIM_OC3PreloadConfig                     0x0800144d   Thumb Code    18  stm32f10x_tim.o(i.TIM_OC3PreloadConfig)
    TIM_TimeBaseInit                         0x08001461   Thumb Code   122  stm32f10x_tim.o(i.TIM_TimeBaseInit)
    USART1_IRQHandler                        0x08001505   Thumb Code   110  usart.o(i.USART1_IRQHandler)
    USART2_IRQHandler                        0x08001581   Thumb Code    40  usart2.o(i.USART2_IRQHandler)
    USART_Cmd                                0x080015b5   Thumb Code    24  stm32f10x_usart.o(i.USART_Cmd)
    USART_GetFlagStatus                      0x080015cd   Thumb Code    26  stm32f10x_usart.o(i.USART_GetFlagStatus)
    USART_GetITStatus                        0x080015e7   Thumb Code    84  stm32f10x_usart.o(i.USART_GetITStatus)
    USART_ITConfig                           0x0800163b   Thumb Code    74  stm32f10x_usart.o(i.USART_ITConfig)
    USART_Init                               0x08001685   Thumb Code   210  stm32f10x_usart.o(i.USART_Init)
    USART_ReceiveData                        0x0800175d   Thumb Code    10  stm32f10x_usart.o(i.USART_ReceiveData)
    USART_SendData                           0x08001767   Thumb Code     8  stm32f10x_usart.o(i.USART_SendData)
    UsageFault_Handler                       0x0800176f   Thumb Code     4  stm32f10x_it.o(i.UsageFault_Handler)
    Usart2_Write_Bytes                       0x08001773   Thumb Code    48  usart2.o(i.Usart2_Write_Bytes)
    Write_IIC_Command                        0x080017a3   Thumb Code    44  myiic.o(i.Write_IIC_Command)
    Write_IIC_Data                           0x080017cf   Thumb Code    44  myiic.o(i.Write_IIC_Data)
    __ARM_fpclassify                         0x080017fb   Thumb Code    40  fpclassify.o(i.__ARM_fpclassify)
    __kernel_poly                            0x08001823   Thumb Code   170  poly.o(i.__kernel_poly)
    __mathlib_dbl_divzero                    0x080018cd   Thumb Code    12  dunder.o(i.__mathlib_dbl_divzero)
    __mathlib_dbl_infnan2                    0x080018dd   Thumb Code     4  dunder.o(i.__mathlib_dbl_infnan2)
    __mathlib_dbl_invalid                    0x080018e1   Thumb Code    12  dunder.o(i.__mathlib_dbl_invalid)
    __mathlib_dbl_overflow                   0x080018ed   Thumb Code    14  dunder.o(i.__mathlib_dbl_overflow)
    __mathlib_dbl_underflow                  0x080018fd   Thumb Code    10  dunder.o(i.__mathlib_dbl_underflow)
    _sys_exit                                0x0800190d   Thumb Code     6  usart.o(i._sys_exit)
    delay_init                               0x08001915   Thumb Code    50  delay.o(i.delay_init)
    delay_ms                                 0x08001959   Thumb Code    72  delay.o(i.delay_ms)
    delay_us                                 0x080019a5   Thumb Code    72  delay.o(i.delay_us)
    main                                     0x080019f1   Thumb Code   576  main.o(i.main)
    oled_pow                                 0x08001c5d   Thumb Code    22  oled.o(i.oled_pow)
    pow                                      0x08001c75   Thumb Code  2478  pow.o(i.pow)
    sqrt                                     0x0800262d   Thumb Code    76  sqrt.o(i.sqrt)
    uart2_init                               0x08002679   Thumb Code   154  usart2.o(i.uart2_init)
    uart_init                                0x0800271d   Thumb Code   152  usart.o(i.uart_init)
    __aeabi_d2f                              0x080027bd   Thumb Code     0  d2f.o(x$fpl$d2f)
    _d2f                                     0x080027bd   Thumb Code    98  d2f.o(x$fpl$d2f)
    __aeabi_dadd                             0x08002821   Thumb Code     0  daddsub_clz.o(x$fpl$dadd)
    _dadd                                    0x08002821   Thumb Code   332  daddsub_clz.o(x$fpl$dadd)
    __fpl_dcheck_NaN1                        0x08002971   Thumb Code    10  dcheck1.o(x$fpl$dcheck1)
    __fpl_dcmp_Inf                           0x08002981   Thumb Code    24  dcmpi.o(x$fpl$dcmpinf)
    __aeabi_ddiv                             0x08002999   Thumb Code     0  ddiv.o(x$fpl$ddiv)
    _ddiv                                    0x08002999   Thumb Code   552  ddiv.o(x$fpl$ddiv)
    __aeabi_d2uiz                            0x08002c49   Thumb Code     0  dfixu.o(x$fpl$dfixu)
    _dfixu                                   0x08002c49   Thumb Code    90  dfixu.o(x$fpl$dfixu)
    __aeabi_i2d                              0x08002ca3   Thumb Code     0  dflt_clz.o(x$fpl$dflt)
    _dflt                                    0x08002ca3   Thumb Code    46  dflt_clz.o(x$fpl$dflt)
    __aeabi_ui2d                             0x08002cd1   Thumb Code     0  dflt_clz.o(x$fpl$dfltu)
    _dfltu                                   0x08002cd1   Thumb Code    38  dflt_clz.o(x$fpl$dfltu)
    __aeabi_cdcmple                          0x08002cf9   Thumb Code     0  dleqf.o(x$fpl$dleqf)
    _dcmple                                  0x08002cf9   Thumb Code   120  dleqf.o(x$fpl$dleqf)
    __fpl_dcmple_InfNaN                      0x08002d5b   Thumb Code     0  dleqf.o(x$fpl$dleqf)
    __aeabi_dmul                             0x08002d71   Thumb Code     0  dmul.o(x$fpl$dmul)
    _dmul                                    0x08002d71   Thumb Code   332  dmul.o(x$fpl$dmul)
    __fpl_dnaninf                            0x08002ec5   Thumb Code   156  dnaninf.o(x$fpl$dnaninf)
    __fpl_dretinf                            0x08002f61   Thumb Code    12  dretinf.o(x$fpl$dretinf)
    __aeabi_cdrcmple                         0x08002f6d   Thumb Code     0  drleqf.o(x$fpl$drleqf)
    _drcmple                                 0x08002f6d   Thumb Code   108  drleqf.o(x$fpl$drleqf)
    __aeabi_drsub                            0x08002fd9   Thumb Code     0  daddsub_clz.o(x$fpl$drsb)
    _drsb                                    0x08002fd9   Thumb Code    22  daddsub_clz.o(x$fpl$drsb)
    _dsqrt                                   0x08002ff1   Thumb Code   456  dsqrt_noumaal.o(x$fpl$dsqrt)
    __aeabi_dsub                             0x080031bd   Thumb Code     0  daddsub_clz.o(x$fpl$dsub)
    _dsub                                    0x080031bd   Thumb Code   464  daddsub_clz.o(x$fpl$dsub)
    __aeabi_f2d                              0x08003391   Thumb Code     0  f2d.o(x$fpl$f2d)
    _f2d                                     0x08003391   Thumb Code    86  f2d.o(x$fpl$f2d)
    __aeabi_fadd                             0x080033e9   Thumb Code     0  faddsub_clz.o(x$fpl$fadd)
    _fadd                                    0x080033e9   Thumb Code   196  faddsub_clz.o(x$fpl$fadd)
    __fpl_fcmp_Inf                           0x080034ad   Thumb Code    24  fcmpi.o(x$fpl$fcmpinf)
    __aeabi_f2iz                             0x080034c5   Thumb Code     0  ffix.o(x$fpl$ffix)
    _ffix                                    0x080034c5   Thumb Code    54  ffix.o(x$fpl$ffix)
    __aeabi_f2uiz                            0x080034fd   Thumb Code     0  ffixu.o(x$fpl$ffixu)
    _ffixu                                   0x080034fd   Thumb Code    62  ffixu.o(x$fpl$ffixu)
    __aeabi_i2f                              0x0800353d   Thumb Code     0  fflt_clz.o(x$fpl$fflt)
    _fflt                                    0x0800353d   Thumb Code    48  fflt_clz.o(x$fpl$fflt)
    __aeabi_cfcmple                          0x0800356d   Thumb Code     0  fleqf.o(x$fpl$fleqf)
    _fcmple                                  0x0800356d   Thumb Code   104  fleqf.o(x$fpl$fleqf)
    __fpl_fcmple_InfNaN                      0x080035bf   Thumb Code     0  fleqf.o(x$fpl$fleqf)
    __aeabi_fmul                             0x080035d5   Thumb Code     0  fmul.o(x$fpl$fmul)
    _fmul                                    0x080035d5   Thumb Code   258  fmul.o(x$fpl$fmul)
    __fpl_fnaninf                            0x080036d7   Thumb Code   140  fnaninf.o(x$fpl$fnaninf)
    __fpl_fretinf                            0x08003763   Thumb Code    10  fretinf.o(x$fpl$fretinf)
    __aeabi_cfrcmple                         0x0800376d   Thumb Code     0  frleqf.o(x$fpl$frleqf)
    _frcmple                                 0x0800376d   Thumb Code    98  frleqf.o(x$fpl$frleqf)
    __aeabi_fsub                             0x080037d1   Thumb Code     0  faddsub_clz.o(x$fpl$fsub)
    _fsub                                    0x080037d1   Thumb Code   234  faddsub_clz.o(x$fpl$fsub)
    __fpl_return_NaN                         0x080038bb   Thumb Code   100  retnan.o(x$fpl$retnan)
    __ARM_scalbn                             0x0800391f   Thumb Code    92  scalbn.o(x$fpl$scalbn)
    __fpl_cmpreturn                          0x0800397b   Thumb Code    48  trapv.o(x$fpl$trapveneer)
    FF6x8                                    0x080039aa   Data         552  oled.o(.constdata)
    __I$use$fp                               0x080039aa   Number         0  usenofp.o(x$fpl$usenofp)
    __mathlib_zero                           0x08003c60   Data           8  qnan.o(.constdata)
    Region$$Table$$Base                      0x08003c68   Number         0  anon$$obj.o(Region$$Table)
    Region$$Table$$Limit                     0x08003c88   Number         0  anon$$obj.o(Region$$Table)
    MATA                                     0x20000000   Data           6  main.o(.data)
    ISM                                      0x20000006   Data           4  main.o(.data)
    ILD                                      0x2000000a   Data           6  main.o(.data)
    SystemCoreClock                          0x20000010   Data           4  system_stm32f10x.o(.data)
    AHBPrescTable                            0x20000014   Data          16  system_stm32f10x.o(.data)
    USART2_RX_STA                            0x20000028   Data           2  usart2.o(.data)
    FF8X16                                   0x20000030   Data        1520  oled.o(.data)
    Hzk                                      0x20000620   Data         448  oled.o(.data)
    DISS                                     0x200007e0   Data           6  modo.o(.data)
    x                                        0x200007f0   Data           4  modo.o(.data)
    y                                        0x200007f4   Data           4  modo.o(.data)
    distance                                 0x200007f8   Data           4  modo.o(.data)
    t                                        0x200007fc   Data           4  modo.o(.data)
    x_dis                                    0x20000800   Data           4  modo.o(.data)
    y_dis                                    0x20000804   Data           4  modo.o(.data)
    DIS                                      0x20000808   Data           4  modo.o(.data)
    S                                        0x2000080c   Data           4  modo.o(.data)
    SHAPE                                    0x20000810   Data          60  modo.o(.data)
    COLOR                                    0x2000084c   Data          15  modo.o(.data)
    __stdout                                 0x20000860   Data           4  usart.o(.data)
    USART_RX_STA                             0x20000864   Data           2  usart.o(.data)
    DATA                                     0x2000087c   Data          20  main.o(.bss)
    DATA1                                    0x20000890   Data          20  main.o(.bss)
    USART_RX_BUF                             0x200008a4   Data         200  usart.o(.bss)
    __libspace_start                         0x2000096c   Data          96  libspace.o(.bss)
    __temporary_stack_top$libspace           0x200009cc   Data           0  libspace.o(.bss)



==============================================================================

Memory Map of the image

  Image Entry point : 0x08000131

  Load Region LR_IROM1 (Base: 0x08000000, Size: 0x00004504, Max: 0x00010000, ABSOLUTE, COMPRESSED[0x0000411c])

    Execution Region ER_IROM1 (Base: 0x08000000, Size: 0x00003c88, Max: 0x00010000, ABSOLUTE)

    Base Addr    Size         Type   Attr      Idx    E Section Name        Object

    0x08000000   0x00000130   Data   RO          652    RESET               startup_stm32f10x_hd.o
    0x08000130   0x00000008   Code   RO         3632  * !!!main             c_w.l(__main.o)
    0x08000138   0x00000034   Code   RO         3911    !!!scatter          c_w.l(__scatter.o)
    0x0800016c   0x0000005a   Code   RO         3909    !!dczerorl2         c_w.l(__dczerorl2.o)
    0x080001c6   0x00000002   PAD
    0x080001c8   0x0000001c   Code   RO         3913    !!handler_zi        c_w.l(__scatter_zi.o)
    0x080001e4   0x00000002   Code   RO         3781    .ARM.Collect$$libinit$$00000000  c_w.l(libinit.o)
    0x080001e6   0x00000000   Code   RO         3789    .ARM.Collect$$libinit$$00000002  c_w.l(libinit2.o)
    0x080001e6   0x00000000   Code   RO         3791    .ARM.Collect$$libinit$$00000004  c_w.l(libinit2.o)
    0x080001e6   0x00000000   Code   RO         3794    .ARM.Collect$$libinit$$0000000A  c_w.l(libinit2.o)
    0x080001e6   0x00000000   Code   RO         3796    .ARM.Collect$$libinit$$0000000C  c_w.l(libinit2.o)
    0x080001e6   0x00000000   Code   RO         3798    .ARM.Collect$$libinit$$0000000E  c_w.l(libinit2.o)
    0x080001e6   0x00000000   Code   RO         3801    .ARM.Collect$$libinit$$00000011  c_w.l(libinit2.o)
    0x080001e6   0x00000000   Code   RO         3803    .ARM.Collect$$libinit$$00000013  c_w.l(libinit2.o)
    0x080001e6   0x00000000   Code   RO         3805    .ARM.Collect$$libinit$$00000015  c_w.l(libinit2.o)
    0x080001e6   0x00000000   Code   RO         3807    .ARM.Collect$$libinit$$00000017  c_w.l(libinit2.o)
    0x080001e6   0x00000000   Code   RO         3809    .ARM.Collect$$libinit$$00000019  c_w.l(libinit2.o)
    0x080001e6   0x00000000   Code   RO         3811    .ARM.Collect$$libinit$$0000001B  c_w.l(libinit2.o)
    0x080001e6   0x00000000   Code   RO         3813    .ARM.Collect$$libinit$$0000001D  c_w.l(libinit2.o)
    0x080001e6   0x00000000   Code   RO         3815    .ARM.Collect$$libinit$$0000001F  c_w.l(libinit2.o)
    0x080001e6   0x00000000   Code   RO         3817    .ARM.Collect$$libinit$$00000021  c_w.l(libinit2.o)
    0x080001e6   0x00000000   Code   RO         3819    .ARM.Collect$$libinit$$00000023  c_w.l(libinit2.o)
    0x080001e6   0x00000000   Code   RO         3821    .ARM.Collect$$libinit$$00000025  c_w.l(libinit2.o)
    0x080001e6   0x00000000   Code   RO         3825    .ARM.Collect$$libinit$$0000002C  c_w.l(libinit2.o)
    0x080001e6   0x00000000   Code   RO         3827    .ARM.Collect$$libinit$$0000002E  c_w.l(libinit2.o)
    0x080001e6   0x00000000   Code   RO         3829    .ARM.Collect$$libinit$$00000030  c_w.l(libinit2.o)
    0x080001e6   0x00000000   Code   RO         3831    .ARM.Collect$$libinit$$00000032  c_w.l(libinit2.o)
    0x080001e6   0x00000002   Code   RO         3832    .ARM.Collect$$libinit$$00000033  c_w.l(libinit2.o)
    0x080001e8   0x00000002   Code   RO         3852    .ARM.Collect$$libshutdown$$00000000  c_w.l(libshutdown.o)
    0x080001ea   0x00000000   Code   RO         3863    .ARM.Collect$$libshutdown$$00000003  c_w.l(libshutdown2.o)
    0x080001ea   0x00000000   Code   RO         3866    .ARM.Collect$$libshutdown$$00000006  c_w.l(libshutdown2.o)
    0x080001ea   0x00000000   Code   RO         3869    .ARM.Collect$$libshutdown$$00000009  c_w.l(libshutdown2.o)
    0x080001ea   0x00000000   Code   RO         3871    .ARM.Collect$$libshutdown$$0000000B  c_w.l(libshutdown2.o)
    0x080001ea   0x00000000   Code   RO         3874    .ARM.Collect$$libshutdown$$0000000E  c_w.l(libshutdown2.o)
    0x080001ea   0x00000002   Code   RO         3875    .ARM.Collect$$libshutdown$$0000000F  c_w.l(libshutdown2.o)
    0x080001ec   0x00000000   Code   RO         3698    .ARM.Collect$$rtentry$$00000000  c_w.l(__rtentry.o)
    0x080001ec   0x00000000   Code   RO         3744    .ARM.Collect$$rtentry$$00000002  c_w.l(__rtentry2.o)
    0x080001ec   0x00000006   Code   RO         3756    .ARM.Collect$$rtentry$$00000004  c_w.l(__rtentry4.o)
    0x080001f2   0x00000000   Code   RO         3746    .ARM.Collect$$rtentry$$00000009  c_w.l(__rtentry2.o)
    0x080001f2   0x00000004   Code   RO         3747    .ARM.Collect$$rtentry$$0000000A  c_w.l(__rtentry2.o)
    0x080001f6   0x00000000   Code   RO         3749    .ARM.Collect$$rtentry$$0000000C  c_w.l(__rtentry2.o)
    0x080001f6   0x00000008   Code   RO         3750    .ARM.Collect$$rtentry$$0000000D  c_w.l(__rtentry2.o)
    0x080001fe   0x00000002   Code   RO         3786    .ARM.Collect$$rtexit$$00000000  c_w.l(rtexit.o)
    0x08000200   0x00000000   Code   RO         3836    .ARM.Collect$$rtexit$$00000002  c_w.l(rtexit2.o)
    0x08000200   0x00000004   Code   RO         3837    .ARM.Collect$$rtexit$$00000003  c_w.l(rtexit2.o)
    0x08000204   0x00000006   Code   RO         3838    .ARM.Collect$$rtexit$$00000004  c_w.l(rtexit2.o)
    0x0800020a   0x00000002   PAD
    0x0800020c   0x00000040   Code   RO          653    .text               startup_stm32f10x_hd.o
    0x0800024c   0x00000002   Code   RO         3626    .text               c_w.l(use_no_semi_2.o)
    0x0800024e   0x0000008e   Code   RO         3628    .text               c_w.l(strlcpy.o)
    0x080002dc   0x00000006   Code   RO         3630    .text               c_w.l(heapauxi.o)
    0x080002e2   0x00000002   Code   RO         3696    .text               c_w.l(use_no_semi.o)
    0x080002e4   0x00000016   Code   RO         3699    .text               c_w.l(_rserrno.o)
    0x080002fa   0x00000002   PAD
    0x080002fc   0x00000008   Code   RO         3761    .text               c_w.l(rt_errno_addr_intlibspace.o)
    0x08000304   0x00000008   Code   RO         3769    .text               c_w.l(libspace.o)
    0x0800030c   0x0000004a   Code   RO         3772    .text               c_w.l(sys_stackheap_outer.o)
    0x08000356   0x0000000c   Code   RO         3774    .text               c_w.l(exit.o)
    0x08000362   0x00000004   Code   RO          144    i.BusFault_Handler  stm32f10x_it.o
    0x08000366   0x00000002   Code   RO          145    i.DebugMon_Handler  stm32f10x_it.o
    0x08000368   0x00000116   Code   RO         1808    i.GPIO_Init         stm32f10x_gpio.o
    0x0800047e   0x00000002   PAD
    0x08000480   0x00000090   Code   RO         1810    i.GPIO_PinRemapConfig  stm32f10x_gpio.o
    0x08000510   0x00000012   Code   RO         1812    i.GPIO_ReadInputDataBit  stm32f10x_gpio.o
    0x08000522   0x00000004   Code   RO         1815    i.GPIO_ResetBits    stm32f10x_gpio.o
    0x08000526   0x00000004   Code   RO         1816    i.GPIO_SetBits      stm32f10x_gpio.o
    0x0800052a   0x00000004   Code   RO          146    i.HardFault_Handler  stm32f10x_it.o
    0x0800052e   0x00000002   PAD
    0x08000530   0x00000034   Code   RO          328    i.IIC_Init          myiic.o
    0x08000564   0x00000068   Code   RO          331    i.IIC_Send_Byte     myiic.o
    0x080005cc   0x0000004c   Code   RO          332    i.IIC_Start         myiic.o
    0x08000618   0x0000004c   Code   RO          333    i.IIC_Stop          myiic.o
    0x08000664   0x00000064   Code   RO          334    i.IIC_Wait_Ack      myiic.o
    0x080006c8   0x0000002c   Code   RO          267    i.KEY_Init          key.o
    0x080006f4   0x00000078   Code   RO          268    i.KEY_Scan          key.o
    0x0800076c   0x00000068   Code   RO          286    i.LED_Init          led.o
    0x080007d4   0x00000184   Code   RO          502    i.MODO_1            modo.o
    0x08000958   0x0000014c   Code   RO          503    i.MODO_2            modo.o
    0x08000aa4   0x00000004   Code   RO          147    i.MemManage_Handler  stm32f10x_it.o
    0x08000aa8   0x00000002   Code   RO          148    i.NMI_Handler       stm32f10x_it.o
    0x08000aaa   0x00000002   PAD
    0x08000aac   0x00000070   Code   RO          657    i.NVIC_Init         misc.o
    0x08000b1c   0x00000014   Code   RO          658    i.NVIC_PriorityGroupConfig  misc.o
    0x08000b30   0x0000003e   Code   RO          399    i.OLED_Clear        oled.o
    0x08000b6e   0x000000dc   Code   RO          403    i.OLED_Init         oled.o
    0x08000c4a   0x0000002e   Code   RO          405    i.OLED_Set_Pos      oled.o
    0x08000c78   0x000000a4   Code   RO          407    i.OLED_ShowChar     oled.o
    0x08000d1c   0x00000088   Code   RO          408    i.OLED_ShowNum      oled.o
    0x08000da4   0x0000003a   Code   RO          409    i.OLED_ShowString   oled.o
    0x08000dde   0x00000018   Code   RO          335    i.OLED_WR_Byte      myiic.o
    0x08000df6   0x00000002   Code   RO          149    i.PendSV_Handler    stm32f10x_it.o
    0x08000df8   0x00000020   Code   RO         2224    i.RCC_APB1PeriphClockCmd  stm32f10x_rcc.o
    0x08000e18   0x00000020   Code   RO         2226    i.RCC_APB2PeriphClockCmd  stm32f10x_rcc.o
    0x08000e38   0x000000d4   Code   RO         2234    i.RCC_GetClocksFreq  stm32f10x_rcc.o
    0x08000f0c   0x000000c4   Code   RO          504    i.SPRTODATA         modo.o
    0x08000fd0   0x00000002   Code   RO          150    i.SVC_Handler       stm32f10x_it.o
    0x08000fd2   0x00000002   PAD
    0x08000fd4   0x000000dc   Code   RO          505    i.Scan              modo.o
    0x080010b0   0x00000008   Code   RO          233    i.SetSysClock       system_stm32f10x.o
    0x080010b8   0x000000e0   Code   RO          234    i.SetSysClockTo72   system_stm32f10x.o
    0x08001198   0x00000028   Code   RO          661    i.SysTick_CLKSourceConfig  misc.o
    0x080011c0   0x00000002   Code   RO          151    i.SysTick_Handler   stm32f10x_it.o
    0x080011c2   0x00000002   PAD
    0x080011c4   0x00000060   Code   RO          236    i.SystemInit        system_stm32f10x.o
    0x08001224   0x000000b0   Code   RO          490    i.TIM3_PWM_Init     pwm.o
    0x080012d4   0x00000018   Code   RO         2858    i.TIM_Cmd           stm32f10x_tim.o
    0x080012ec   0x000000a4   Code   RO         2892    i.TIM_OC2Init       stm32f10x_tim.o
    0x08001390   0x0000001a   Code   RO         2895    i.TIM_OC2PreloadConfig  stm32f10x_tim.o
    0x080013aa   0x00000002   PAD
    0x080013ac   0x000000a0   Code   RO         2897    i.TIM_OC3Init       stm32f10x_tim.o
    0x0800144c   0x00000012   Code   RO         2900    i.TIM_OC3PreloadConfig  stm32f10x_tim.o
    0x0800145e   0x00000002   PAD
    0x08001460   0x000000a4   Code   RO         2929    i.TIM_TimeBaseInit  stm32f10x_tim.o
    0x08001504   0x0000007c   Code   RO          599    i.USART1_IRQHandler  usart.o
    0x08001580   0x00000034   Code   RO          298    i.USART2_IRQHandler  usart2.o
    0x080015b4   0x00000018   Code   RO         3394    i.USART_Cmd         stm32f10x_usart.o
    0x080015cc   0x0000001a   Code   RO         3397    i.USART_GetFlagStatus  stm32f10x_usart.o
    0x080015e6   0x00000054   Code   RO         3398    i.USART_GetITStatus  stm32f10x_usart.o
    0x0800163a   0x0000004a   Code   RO         3400    i.USART_ITConfig    stm32f10x_usart.o
    0x08001684   0x000000d8   Code   RO         3401    i.USART_Init        stm32f10x_usart.o
    0x0800175c   0x0000000a   Code   RO         3408    i.USART_ReceiveData  stm32f10x_usart.o
    0x08001766   0x00000008   Code   RO         3411    i.USART_SendData    stm32f10x_usart.o
    0x0800176e   0x00000004   Code   RO          152    i.UsageFault_Handler  stm32f10x_it.o
    0x08001772   0x00000030   Code   RO          299    i.Usart2_Write_Bytes  usart2.o
    0x080017a2   0x0000002c   Code   RO          336    i.Write_IIC_Command  myiic.o
    0x080017ce   0x0000002c   Code   RO          337    i.Write_IIC_Data    myiic.o
    0x080017fa   0x00000028   Code   RO         3730    i.__ARM_fpclassify  m_ws.l(fpclassify.o)
    0x08001822   0x000000aa   Code   RO         3732    i.__kernel_poly     m_ws.l(poly.o)
    0x080018cc   0x00000010   Code   RO         3716    i.__mathlib_dbl_divzero  m_ws.l(dunder.o)
    0x080018dc   0x00000004   Code   RO         3718    i.__mathlib_dbl_infnan2  m_ws.l(dunder.o)
    0x080018e0   0x0000000c   Code   RO         3719    i.__mathlib_dbl_invalid  m_ws.l(dunder.o)
    0x080018ec   0x0000000e   Code   RO         3720    i.__mathlib_dbl_overflow  m_ws.l(dunder.o)
    0x080018fa   0x00000002   PAD
    0x080018fc   0x00000010   Code   RO         3722    i.__mathlib_dbl_underflow  m_ws.l(dunder.o)
    0x0800190c   0x00000006   Code   RO          600    i._sys_exit         usart.o
    0x08001912   0x00000002   PAD
    0x08001914   0x00000044   Code   RO          544    i.delay_init        delay.o
    0x08001958   0x0000004c   Code   RO          545    i.delay_ms          delay.o
    0x080019a4   0x0000004c   Code   RO          546    i.delay_us          delay.o
    0x080019f0   0x0000026c   Code   RO            1    i.main              main.o
    0x08001c5c   0x00000016   Code   RO          411    i.oled_pow          oled.o
    0x08001c72   0x00000002   PAD
    0x08001c74   0x000009b8   Code   RO         3687    i.pow               m_ws.l(pow.o)
    0x0800262c   0x0000004c   Code   RO         3736    i.sqrt              m_ws.l(sqrt.o)
    0x08002678   0x000000a4   Code   RO          300    i.uart2_init        usart2.o
    0x0800271c   0x000000a0   Code   RO          602    i.uart_init         usart.o
    0x080027bc   0x00000062   Code   RO         3634    x$fpl$d2f           fz_ws.l(d2f.o)
    0x0800281e   0x00000002   PAD
    0x08002820   0x00000150   Code   RO         3636    x$fpl$dadd          fz_ws.l(daddsub_clz.o)
    0x08002970   0x00000010   Code   RO         3763    x$fpl$dcheck1       fz_ws.l(dcheck1.o)
    0x08002980   0x00000018   Code   RO         3782    x$fpl$dcmpinf       fz_ws.l(dcmpi.o)
    0x08002998   0x000002b0   Code   RO         3643    x$fpl$ddiv          fz_ws.l(ddiv.o)
    0x08002c48   0x0000005a   Code   RO         3646    x$fpl$dfixu         fz_ws.l(dfixu.o)
    0x08002ca2   0x0000002e   Code   RO         3651    x$fpl$dflt          fz_ws.l(dflt_clz.o)
    0x08002cd0   0x00000026   Code   RO         3650    x$fpl$dfltu         fz_ws.l(dflt_clz.o)
    0x08002cf6   0x00000002   PAD
    0x08002cf8   0x00000078   Code   RO         3765    x$fpl$dleqf         fz_ws.l(dleqf.o)
    0x08002d70   0x00000154   Code   RO         3656    x$fpl$dmul          fz_ws.l(dmul.o)
    0x08002ec4   0x0000009c   Code   RO         3701    x$fpl$dnaninf       fz_ws.l(dnaninf.o)
    0x08002f60   0x0000000c   Code   RO         3703    x$fpl$dretinf       fz_ws.l(dretinf.o)
    0x08002f6c   0x0000006c   Code   RO         3705    x$fpl$drleqf        fz_ws.l(drleqf.o)
    0x08002fd8   0x00000016   Code   RO         3637    x$fpl$drsb          fz_ws.l(daddsub_clz.o)
    0x08002fee   0x00000002   PAD
    0x08002ff0   0x000001cc   Code   RO         3767    x$fpl$dsqrt         fz_ws.l(dsqrt_noumaal.o)
    0x080031bc   0x000001d4   Code   RO         3638    x$fpl$dsub          fz_ws.l(daddsub_clz.o)
    0x08003390   0x00000056   Code   RO         3658    x$fpl$f2d           fz_ws.l(f2d.o)
    0x080033e6   0x00000002   PAD
    0x080033e8   0x000000c4   Code   RO         3660    x$fpl$fadd          fz_ws.l(faddsub_clz.o)
    0x080034ac   0x00000018   Code   RO         3707    x$fpl$fcmpinf       fz_ws.l(fcmpi.o)
    0x080034c4   0x00000036   Code   RO         3666    x$fpl$ffix          fz_ws.l(ffix.o)
    0x080034fa   0x00000002   PAD
    0x080034fc   0x0000003e   Code   RO         3670    x$fpl$ffixu         fz_ws.l(ffixu.o)
    0x0800353a   0x00000002   PAD
    0x0800353c   0x00000030   Code   RO         3675    x$fpl$fflt          fz_ws.l(fflt_clz.o)
    0x0800356c   0x00000068   Code   RO         3680    x$fpl$fleqf         fz_ws.l(fleqf.o)
    0x080035d4   0x00000102   Code   RO         3682    x$fpl$fmul          fz_ws.l(fmul.o)
    0x080036d6   0x0000008c   Code   RO         3709    x$fpl$fnaninf       fz_ws.l(fnaninf.o)
    0x08003762   0x0000000a   Code   RO         3711    x$fpl$fretinf       fz_ws.l(fretinf.o)
    0x0800376c   0x00000062   Code   RO         3684    x$fpl$frleqf        fz_ws.l(frleqf.o)
    0x080037ce   0x00000002   PAD
    0x080037d0   0x000000ea   Code   RO         3662    x$fpl$fsub          fz_ws.l(faddsub_clz.o)
    0x080038ba   0x00000064   Code   RO         3784    x$fpl$retnan        fz_ws.l(retnan.o)
    0x0800391e   0x0000005c   Code   RO         3713    x$fpl$scalbn        fz_ws.l(scalbn.o)
    0x0800397a   0x00000030   Code   RO         3833    x$fpl$trapveneer    fz_ws.l(trapv.o)
    0x080039aa   0x00000000   Code   RO         3715    x$fpl$usenofp       fz_ws.l(usenofp.o)
    0x080039aa   0x00000228   Data   RO          412    .constdata          oled.o
    0x08003bd2   0x00000006   PAD
    0x08003bd8   0x00000088   Data   RO         3688    .constdata          m_ws.l(pow.o)
    0x08003c60   0x00000008   Data   RO         3734    .constdata          m_ws.l(qnan.o)
    0x08003c68   0x00000020   Data   RO         3907    Region$$Table       anon$$obj.o


    Execution Region RW_IRAM1 (Base: 0x20000000, Size: 0x00000fd0, Max: 0x00005000, ABSOLUTE, COMPRESSED[0x00000494])

    Base Addr    Size         Type   Attr      Idx    E Section Name        Object

    0x20000000   0x00000010   Data   RW            3    .data               main.o
    0x20000010   0x00000014   Data   RW          237    .data               system_stm32f10x.o
    0x20000024   0x00000001   Data   RW          269    .data               key.o
    0x20000025   0x00000003   PAD
    0x20000028   0x00000008   Data   RW          302    .data               usart2.o
    0x20000030   0x000007b0   Data   RW          413    .data               oled.o
    0x200007e0   0x0000007b   Data   RW          507    .data               modo.o
    0x2000085b   0x00000001   PAD
    0x2000085c   0x00000004   Data   RW          547    .data               delay.o
    0x20000860   0x00000006   Data   RW          604    .data               usart.o
    0x20000866   0x00000014   Data   RW         2254    .data               stm32f10x_rcc.o
    0x2000087a   0x00000002   PAD
    0x2000087c   0x00000028   Zero   RW            2    .bss                main.o
    0x200008a4   0x000000c8   Zero   RW          603    .bss                usart.o
    0x2000096c   0x00000060   Zero   RW         3770    .bss                c_w.l(libspace.o)
    0x200009cc   0x00000004   PAD
    0x200009d0   0x00000200   Zero   RW          651    HEAP                startup_stm32f10x_hd.o
    0x20000bd0   0x00000400   Zero   RW          650    STACK               startup_stm32f10x_hd.o


==============================================================================

Image component sizes


      Code (inc. data)   RO Data    RW Data    ZI Data      Debug   Object Name

       220         26          0          4          0       1631   delay.o
       164         16          0          1          0       1070   key.o
       104         10          0          0          0        491   led.o
       620         44          0         16         40     252929   main.o
       172         22          0          0          0       1985   misc.o
      1136        196          0        123          0       3406   modo.o
       520         60          0          0          0       4137   myiic.o
       708         10        552       1968          0       5283   oled.o
       176         12          0          0          0        704   pwm.o
        64         26        304          0       1536        776   startup_stm32f10x_hd.o
       448          6          0          0          0       4350   stm32f10x_gpio.o
        26          0          0          0          0       3542   stm32f10x_it.o
       276         32          0         20          0       4350   stm32f10x_rcc.o
       556         62          0          0          0       4199   stm32f10x_tim.o
       442          6          0          0          0       5957   stm32f10x_usart.o
         0          0          0          0          0         32   sys.o
       328         28          0         20          0       1997   system_stm32f10x.o
       290         22          0          6        200       3504   usart.o
       264         22          0          8          0       2568   usart2.o

    ----------------------------------------------------------------------
      6532        600        894       2172       1776     302911   Object Totals
         0          0         32          0          0          0   (incl. Generated)
        18          0          6          6          0          0   (incl. Padding)

    ----------------------------------------------------------------------

      Code (inc. data)   RO Data    RW Data    ZI Data      Debug   Library Member Name

        90          0          0          0          0          0   __dczerorl2.o
         8          0          0          0          0         68   __main.o
         0          0          0          0          0          0   __rtentry.o
        12          0          0          0          0          0   __rtentry2.o
         6          0          0          0          0          0   __rtentry4.o
        52          8          0          0          0          0   __scatter.o
        28          0          0          0          0          0   __scatter_zi.o
        22          0          0          0          0        100   _rserrno.o
        12          0          0          0          0         72   exit.o
         6          0          0          0          0        152   heapauxi.o
         2          0          0          0          0          0   libinit.o
         2          0          0          0          0          0   libinit2.o
         2          0          0          0          0          0   libshutdown.o
         2          0          0          0          0          0   libshutdown2.o
         8          4          0          0         96         68   libspace.o
         8          4          0          0          0         68   rt_errno_addr_intlibspace.o
         2          0          0          0          0          0   rtexit.o
        10          0          0          0          0          0   rtexit2.o
       142          0          0          0          0         84   strlcpy.o
        74          0          0          0          0         80   sys_stackheap_outer.o
         2          0          0          0          0         68   use_no_semi.o
         2          0          0          0          0         68   use_no_semi_2.o
        98          4          0          0          0         92   d2f.o
       826         16          0          0          0        348   daddsub_clz.o
        16          4          0          0          0         68   dcheck1.o
        24          0          0          0          0         68   dcmpi.o
       688        140          0          0          0        208   ddiv.o
        90          4          0          0          0         92   dfixu.o
        84          0          0          0          0        136   dflt_clz.o
       120          4          0          0          0         92   dleqf.o
       340         12          0          0          0        104   dmul.o
       156          4          0          0          0         92   dnaninf.o
        12          0          0          0          0         68   dretinf.o
       108          0          0          0          0         80   drleqf.o
       460         56          0          0          0        120   dsqrt_noumaal.o
        86          4          0          0          0         84   f2d.o
       430          8          0          0          0        168   faddsub_clz.o
        24          0          0          0          0         68   fcmpi.o
        54          4          0          0          0         84   ffix.o
        62          4          0          0          0         84   ffixu.o
        48          0          0          0          0         68   fflt_clz.o
       104          4          0          0          0         84   fleqf.o
       258          4          0          0          0         84   fmul.o
       140          4          0          0          0         84   fnaninf.o
        10          0          0          0          0         68   fretinf.o
        98          0          0          0          0         68   frleqf.o
       100          0          0          0          0         68   retnan.o
        92          0          0          0          0         68   scalbn.o
        48          0          0          0          0         68   trapv.o
         0          0          0          0          0          0   usenofp.o
        62         10          0          0          0        340   dunder.o
        40          0          0          0          0         68   fpclassify.o
       170          0          0          0          0         96   poly.o
      2488        190        136          0          0        300   pow.o
         0          0          8          0          0          0   qnan.o
        76          0          0          0          0         84   sqrt.o

    ----------------------------------------------------------------------
      7926        492        144          0        100       4432   Library Totals
        22          0          0          0          4          0   (incl. Padding)

    ----------------------------------------------------------------------

      Code (inc. data)   RO Data    RW Data    ZI Data      Debug   Library Name

       492         16          0          0         96        828   c_w.l
      4576        276          0          0          0       2716   fz_ws.l
      2836        200        144          0          0        888   m_ws.l

    ----------------------------------------------------------------------
      7926        492        144          0        100       4432   Library Totals

    ----------------------------------------------------------------------

==============================================================================


      Code (inc. data)   RO Data    RW Data    ZI Data      Debug   

     14458       1092       1038       2172       1876     301567   Grand Totals
     14458       1092       1038       1172       1876     301567   ELF Image Totals (compressed)
     14458       1092       1038       1172          0          0   ROM Totals

==============================================================================

    Total RO  Size (Code + RO Data)                15496 (  15.13kB)
    Total RW  Size (RW Data + ZI Data)              4048 (   3.95kB)
    Total ROM Size (Code + RO Data + RW Data)      16668 (  16.28kB)

==============================================================================

